#
# There is insufficient memory for the Java Runtime Environment to continue.
# Native memory allocation (malloc) failed to allocate 1860496 bytes for Chunk::new
# Possible reasons:
#   The system is out of physical RAM or swap space
#   The process is running with CompressedOops enabled, and the Java Heap may be blocking the growth of the native heap
# Possible solutions:
#   Reduce memory load on the system
#   Increase physical memory or swap space
#   Check if swap backing store is full
#   Decrease Java heap size (-Xmx/-Xms)
#   Decrease number of Java threads
#   Decrease Java thread stack sizes (-Xss)
#   Set larger code cache with -XX:ReservedCodeCacheSize=
#   JVM is running with Zero Based Compressed Oops mode in which the Java heap is
#     placed in the first 32GB address space. The Java Heap base address is the
#     maximum limit for the native heap growth. Please use -XX:HeapBaseMinAddress
#     to set the Java Heap base and to place the Java Heap above 32GB virtual address.
# This output file may be truncated or incomplete.
#
#  Out of Memory Error (arena.cpp:168), pid=455432, tid=456708
#
# JRE version: Java(TM) SE Runtime Environment (21.0.7+8) (build 21.0.7+8-LTS-245)
# Java VM: Java HotSpot(TM) 64-Bit Server VM (21.0.7+8-LTS-245, mixed mode, sharing, tiered, compressed oops, compressed class ptrs, g1 gc, windows-amd64)
# No core dump will be written. Minidumps are not enabled by default on client versions of Windows
#

---------------  S U M M A R Y ------------

Command Line: -javaagent:C:\Program Files\JetBrains\IntelliJ IDEA Community Edition 2025.1.2\lib\idea_rt.jar=64971 -Dfile.encoding=UTF-8 -Dsun.stdout.encoding=UTF-8 -Dsun.stderr.encoding=UTF-8 com.erp.system.ErpSystemApplication

Host: 12th Gen Intel(R) Core(TM) i5-1235U, 12 cores, 15G,  Windows 11 , 64 bit Build 26100 (10.0.26100.4202)
Time: Tue Sep 15 14:51:00 2026 India Standard Time elapsed time: 14066.866537 seconds (0d 3h 54m 26s)

---------------  T H R E A D  ---------------

Current thread (0x000001c3967dd240):  JavaThread "C2 CompilerThread0" daemon [_thread_in_native, id=456708, stack(0x0000004780d00000,0x0000004780e00000) (1024K)]


Current CompileTask:
C2:14066868 17357       4       org.springframework.core.SerializableTypeWrapper$TypeProxyInvocationHandler::invoke (364 bytes)

Stack: [0x0000004780d00000,0x0000004780e00000]
Native frames: (J=compiled Java code, j=interpreted, Vv=VM code, C=native code)
V  [jvm.dll+0x6cae19]
V  [jvm.dll+0x855741]
V  [jvm.dll+0x857c6e]
V  [jvm.dll+0x858343]
V  [jvm.dll+0x27e0b6]
V  [jvm.dll+0xc4ecd]
V  [jvm.dll+0xc5403]
V  [jvm.dll+0x3b5752]
V  [jvm.dll+0x381e25]
V  [jvm.dll+0x38129a]
V  [jvm.dll+0x246b30]
V  [jvm.dll+0x24610f]
V  [jvm.dll+0x1c6efe]
V  [jvm.dll+0x255819]
V  [jvm.dll+0x253daa]
V  [jvm.dll+0x3eebb6]
V  [jvm.dll+0x7ffa1b]
V  [jvm.dll+0x6c94fd]
C  [ucrtbase.dll+0x37b0]
C  [KERNEL32.DLL+0x2e8d7]
C  [ntdll.dll+0x3c34c]


---------------  P R O C E S S  ---------------

Threads class SMR info:
_java_thread_list=0x000001c3dfa6afc0, length=32, elements={
0x000001c3967be230, 0x000001c3967be890, 0x000001c3967c7570, 0x000001c3967c8e40,
0x000001c3967d1ae0, 0x000001c3967db160, 0x000001c3967dd240, 0x000001c3967dd8e0,
0x000001c39678b960, 0x000001c396bc6570, 0x000001c396bd2230, 0x000001c3dc589af0,
0x000001c3dc58a180, 0x000001c3dc588dd0, 0x000001c3dc589460, 0x000001c3dc7d71c0,
0x000001c3dc7d7ee0, 0x000001c3dc7d8570, 0x000001c3dc7d5e10, 0x000001c3dc7d4a60,
0x000001c3dc7d50f0, 0x000001c3dc7d5780, 0x000001c3dc7d8c00, 0x000001c3dc7d9290,
0x000001c3dc7d9920, 0x000001c3dc7d9fb0, 0x000001c3dc7d6b30, 0x000001c3dc7da640,
0x000001c3dc7db360, 0x000001c3dc7dacd0, 0x000001c3dcff3170, 0x000001c3dcff2450
}

Java Threads: ( => current thread )
  0x000001c3967be230 JavaThread "Reference Handler"          daemon [_thread_blocked, id=455332, stack(0x0000004780700000,0x0000004780800000) (1024K)]
  0x000001c3967be890 JavaThread "Finalizer"                  daemon [_thread_blocked, id=455316, stack(0x0000004780800000,0x0000004780900000) (1024K)]
  0x000001c3967c7570 JavaThread "Signal Dispatcher"          daemon [_thread_blocked, id=455392, stack(0x0000004780900000,0x0000004780a00000) (1024K)]
  0x000001c3967c8e40 JavaThread "Attach Listener"            daemon [_thread_blocked, id=455604, stack(0x0000004780a00000,0x0000004780b00000) (1024K)]
  0x000001c3967d1ae0 JavaThread "Service Thread"             daemon [_thread_blocked, id=455608, stack(0x0000004780b00000,0x0000004780c00000) (1024K)]
  0x000001c3967db160 JavaThread "Monitor Deflation Thread"   daemon [_thread_blocked, id=455600, stack(0x0000004780c00000,0x0000004780d00000) (1024K)]
=>0x000001c3967dd240 JavaThread "C2 CompilerThread0"         daemon [_thread_in_native, id=456708, stack(0x0000004780d00000,0x0000004780e00000) (1024K)]
  0x000001c3967dd8e0 JavaThread "C1 CompilerThread0"         daemon [_thread_blocked, id=456712, stack(0x0000004780e00000,0x0000004780f00000) (1024K)]
  0x000001c39678b960 JavaThread "Common-Cleaner"             daemon [_thread_blocked, id=456772, stack(0x0000004780f00000,0x0000004781000000) (1024K)]
  0x000001c396bc6570 JavaThread "Monitor Ctrl-Break"         daemon [_thread_in_native, id=456828, stack(0x0000004781100000,0x0000004781200000) (1024K)]
  0x000001c396bd2230 JavaThread "Notification Thread"        daemon [_thread_blocked, id=456832, stack(0x0000004781200000,0x0000004781300000) (1024K)]
  0x000001c3dc589af0 JavaThread "PostgreSQL-JDBC-Cleaner"    daemon [_thread_blocked, id=458708, stack(0x0000004782200000,0x0000004782300000) (1024K)]
  0x000001c3dc58a180 JavaThread "BusinessMgmtPool:housekeeper" daemon [_thread_blocked, id=458716, stack(0x0000004782300000,0x0000004782400000) (1024K)]
  0x000001c3dc588dd0 JavaThread "Catalina-utility-1"                [_thread_blocked, id=460608, stack(0x0000004782400000,0x0000004782500000) (1024K)]
  0x000001c3dc589460 JavaThread "Catalina-utility-2"                [_thread_blocked, id=460620, stack(0x0000004782500000,0x0000004782600000) (1024K)]
  0x000001c3dc7d71c0 JavaThread "container-0"                       [_thread_blocked, id=460740, stack(0x0000004782600000,0x0000004782700000) (1024K)]
  0x000001c3dc7d7ee0 JavaThread "File Watcher"               daemon [_thread_in_native, id=455548, stack(0x0000004782700000,0x0000004782800000) (1024K)]
  0x000001c3dc7d8570 JavaThread "Live Reload Server"         daemon [_thread_in_native, id=461348, stack(0x0000004782900000,0x0000004782a00000) (1024K)]
  0x000001c3dc7d5e10 JavaThread "http-nio-8086-exec-1"       daemon [_thread_blocked, id=461380, stack(0x0000004782800000,0x0000004782900000) (1024K)]
  0x000001c3dc7d4a60 JavaThread "http-nio-8086-exec-2"       daemon [_thread_blocked, id=461384, stack(0x0000004782a00000,0x0000004782b00000) (1024K)]
  0x000001c3dc7d50f0 JavaThread "http-nio-8086-exec-3"       daemon [_thread_blocked, id=461392, stack(0x0000004782b00000,0x0000004782c00000) (1024K)]
  0x000001c3dc7d5780 JavaThread "http-nio-8086-exec-4"       daemon [_thread_blocked, id=461404, stack(0x0000004782c00000,0x0000004782d00000) (1024K)]
  0x000001c3dc7d8c00 JavaThread "http-nio-8086-exec-5"       daemon [_thread_blocked, id=461416, stack(0x0000004782d00000,0x0000004782e00000) (1024K)]
  0x000001c3dc7d9290 JavaThread "http-nio-8086-exec-6"       daemon [_thread_blocked, id=461420, stack(0x0000004782e00000,0x0000004782f00000) (1024K)]
  0x000001c3dc7d9920 JavaThread "http-nio-8086-exec-7"       daemon [_thread_blocked, id=461460, stack(0x0000004782f00000,0x0000004783000000) (1024K)]
  0x000001c3dc7d9fb0 JavaThread "http-nio-8086-exec-8"       daemon [_thread_blocked, id=461464, stack(0x0000004783000000,0x0000004783100000) (1024K)]
  0x000001c3dc7d6b30 JavaThread "http-nio-8086-exec-9"       daemon [_thread_blocked, id=460256, stack(0x0000004783100000,0x0000004783200000) (1024K)]
  0x000001c3dc7da640 JavaThread "http-nio-8086-exec-10"      daemon [_thread_blocked, id=461468, stack(0x0000004783200000,0x0000004783300000) (1024K)]
  0x000001c3dc7db360 JavaThread "http-nio-8086-Poller"       daemon [_thread_in_native, id=461484, stack(0x0000004783300000,0x0000004783400000) (1024K)]
  0x000001c3dc7dacd0 JavaThread "http-nio-8086-Acceptor"     daemon [_thread_in_native, id=461492, stack(0x0000004783400000,0x0000004783500000) (1024K)]
  0x000001c3dcff3170 JavaThread "scheduling-1"                      [_thread_blocked, id=461524, stack(0x0000004783500000,0x0000004783600000) (1024K)]
  0x000001c3dcff2450 JavaThread "DestroyJavaVM"                     [_thread_blocked, id=455780, stack(0x00000047fff00000,0x0000004800000000) (1024K)]
Total: 32

Other Threads:
  0x000001c39679db20 VMThread "VM Thread"                           [id=456616, stack(0x0000004780600000,0x0000004780700000) (1024K)]
  0x000001c39678a4b0 WatcherThread "VM Periodic Task Thread"        [id=455748, stack(0x0000004780500000,0x0000004780600000) (1024K)]
  0x000001c3f735ac30 WorkerThread "GC Thread#0"                     [id=455588, stack(0x0000004780000000,0x0000004780100000) (1024K)]
  0x000001c3dc582080 WorkerThread "GC Thread#1"                     [id=457096, stack(0x0000004781300000,0x0000004781400000) (1024K)]
  0x000001c3dc582420 WorkerThread "GC Thread#2"                     [id=457100, stack(0x0000004781400000,0x0000004781500000) (1024K)]
  0x000001c3dc5827c0 WorkerThread "GC Thread#3"                     [id=457104, stack(0x0000004781500000,0x0000004781600000) (1024K)]
  0x000001c3dc582b60 WorkerThread "GC Thread#4"                     [id=457108, stack(0x0000004781600000,0x0000004781700000) (1024K)]
  0x000001c3dc585e90 WorkerThread "GC Thread#5"                     [id=457112, stack(0x0000004781700000,0x0000004781800000) (1024K)]
  0x000001c3dccd3a60 WorkerThread "GC Thread#6"                     [id=457584, stack(0x0000004781b00000,0x0000004781c00000) (1024K)]
  0x000001c3dcbd2170 WorkerThread "GC Thread#7"                     [id=457588, stack(0x0000004781c00000,0x0000004781d00000) (1024K)]
  0x000001c3dcbe6960 WorkerThread "GC Thread#8"                     [id=457596, stack(0x0000004781d00000,0x0000004781e00000) (1024K)]
  0x000001c3dcae5700 WorkerThread "GC Thread#9"                     [id=457748, stack(0x0000004781a00000,0x0000004781b00000) (1024K)]
  0x000001c3f736d0d0 ConcurrentGCThread "G1 Main Marker"            [id=455888, stack(0x0000004780100000,0x0000004780200000) (1024K)]
  0x000001c3f736f5f0 WorkerThread "G1 Conc#0"                       [id=456020, stack(0x0000004780200000,0x0000004780300000) (1024K)]
  0x000001c3dcae6580 WorkerThread "G1 Conc#1"                       [id=457752, stack(0x0000004781e00000,0x0000004781f00000) (1024K)]
  0x000001c3dcae5360 WorkerThread "G1 Conc#2"                       [id=457756, stack(0x0000004781f00000,0x0000004782000000) (1024K)]
  0x000001c39665aa90 ConcurrentGCThread "G1 Refine#0"               [id=456024, stack(0x0000004780300000,0x0000004780400000) (1024K)]
  0x000001c39665ced0 ConcurrentGCThread "G1 Service"                [id=456028, stack(0x0000004780400000,0x0000004780500000) (1024K)]
Total: 18

Threads with active compile tasks:
C2 CompilerThread0  14066953 17357       4       org.springframework.core.SerializableTypeWrapper$TypeProxyInvocationHandler::invoke (364 bytes)
Total: 1

VM state: not at safepoint (normal execution)

VM Mutex/Monitor currently owned by a thread: None

Heap address: 0x0000000705800000, size: 4008 MB, Compressed Oops mode: Zero based, Oop shift amount: 3

CDS archive(s) mapped at: [0x000001c397000000-0x000001c397c90000-0x000001c397c90000), size 13172736, SharedBaseAddress: 0x000001c397000000, ArchiveRelocationMode: 1.
Compressed class space mapped at: 0x000001c398000000-0x000001c3d8000000, reserved size: 1073741824
Narrow klass base: 0x000001c397000000, Narrow klass shift: 0, Narrow klass range: 0x100000000

GC Precious Log:
 CardTable entry size: 512
 Card Set container configuration: InlinePtr #cards 4 size 8 Array Of Cards #cards 16 size 48 Howl #buckets 8 coarsen threshold 3686 Howl Bitmap #cards 512 size 80 coarsen threshold 460 Card regions per heap region 1 cards per card region 4096
 CPUs: 12 total, 12 available
 Memory: 16027M
 Large Page Support: Disabled
 NUMA Support: Disabled
 Compressed Oops: Enabled (Zero based)
 Heap Region Size: 2M
 Heap Min Capacity: 8M
 Heap Initial Capacity: 252M
 Heap Max Capacity: 4008M
 Pre-touch: Disabled
 Parallel Workers: 10
 Concurrent Workers: 3
 Concurrent Refinement Workers: 10
 Periodic GC: Disabled

Heap:
 garbage-first heap   total 294912K, used 140327K [0x0000000705800000, 0x0000000800000000)
  region size 2048K, 33 young (67584K), 5 survivors (10240K)
 Metaspace       used 93535K, committed 94528K, reserved 1179648K
  class space    used 12143K, committed 12736K, reserved 1048576K

Heap Regions: E=young(eden), S=young(survivor), O=old, HS=humongous(starts), HC=humongous(continues), CS=collection set, F=free, TAMS=top-at-mark-start, PB=parsable bottom
|   0|0x0000000705800000, 0x0000000705a00000, 0x0000000705a00000|100%| O|  |TAMS 0x0000000705800000| PB 0x0000000705800000| Untracked 
|   1|0x0000000705a00000, 0x0000000705c00000, 0x0000000705c00000|100%| O|  |TAMS 0x0000000705a00000| PB 0x0000000705a00000| Untracked 
|   2|0x0000000705c00000, 0x0000000705e00000, 0x0000000705e00000|100%| O|  |TAMS 0x0000000705c00000| PB 0x0000000705c00000| Untracked 
|   3|0x0000000705e00000, 0x0000000706000000, 0x0000000706000000|100%| O|  |TAMS 0x0000000705e00000| PB 0x0000000705e00000| Untracked 
|   4|0x0000000706000000, 0x0000000706200000, 0x0000000706200000|100%| O|  |TAMS 0x0000000706000000| PB 0x0000000706000000| Untracked 
|   5|0x0000000706200000, 0x0000000706400000, 0x0000000706400000|100%| O|  |TAMS 0x0000000706200000| PB 0x0000000706200000| Untracked 
|   6|0x0000000706400000, 0x0000000706600000, 0x0000000706600000|100%| O|  |TAMS 0x0000000706400000| PB 0x0000000706400000| Untracked 
|   7|0x0000000706600000, 0x0000000706800000, 0x0000000706800000|100%| O|  |TAMS 0x0000000706600000| PB 0x0000000706600000| Untracked 
|   8|0x0000000706800000, 0x0000000706a00000, 0x0000000706a00000|100%| O|  |TAMS 0x0000000706800000| PB 0x0000000706800000| Untracked 
|   9|0x0000000706a00000, 0x0000000706c00000, 0x0000000706c00000|100%| O|Cm|TAMS 0x0000000706a00000| PB 0x0000000706a00000| Complete 
|  10|0x0000000706c00000, 0x0000000706e00000, 0x0000000706e00000|100%| O|  |TAMS 0x0000000706c00000| PB 0x0000000706c00000| Untracked 
|  11|0x0000000706e00000, 0x0000000707000000, 0x0000000707000000|100%| O|  |TAMS 0x0000000706e00000| PB 0x0000000706e00000| Untracked 
|  12|0x0000000707000000, 0x0000000707200000, 0x0000000707200000|100%| O|  |TAMS 0x0000000707000000| PB 0x0000000707000000| Untracked 
|  13|0x0000000707200000, 0x0000000707400000, 0x0000000707400000|100%| O|  |TAMS 0x0000000707200000| PB 0x0000000707200000| Untracked 
|  14|0x0000000707400000, 0x0000000707600000, 0x0000000707600000|100%| O|  |TAMS 0x0000000707400000| PB 0x0000000707400000| Untracked 
|  15|0x0000000707600000, 0x0000000707800000, 0x0000000707800000|100%| O|  |TAMS 0x0000000707600000| PB 0x0000000707600000| Untracked 
|  16|0x0000000707800000, 0x0000000707a00000, 0x0000000707a00000|100%| O|  |TAMS 0x0000000707800000| PB 0x0000000707800000| Untracked 
|  17|0x0000000707a00000, 0x0000000707c00000, 0x0000000707c00000|100%| O|  |TAMS 0x0000000707a00000| PB 0x0000000707a00000| Untracked 
|  18|0x0000000707c00000, 0x0000000707e00000, 0x0000000707e00000|100%| O|  |TAMS 0x0000000707c00000| PB 0x0000000707c00000| Untracked 
|  19|0x0000000707e00000, 0x0000000708000000, 0x0000000708000000|100%| O|  |TAMS 0x0000000707e00000| PB 0x0000000707e00000| Untracked 
|  20|0x0000000708000000, 0x0000000708200000, 0x0000000708200000|100%| O|Cm|TAMS 0x0000000708000000| PB 0x0000000708000000| Complete 
|  21|0x0000000708200000, 0x0000000708400000, 0x0000000708400000|100%| O|  |TAMS 0x0000000708200000| PB 0x0000000708200000| Untracked 
|  22|0x0000000708400000, 0x0000000708600000, 0x0000000708600000|100%| O|  |TAMS 0x0000000708400000| PB 0x0000000708400000| Untracked 
|  23|0x0000000708600000, 0x0000000708800000, 0x0000000708800000|100%| O|  |TAMS 0x0000000708600000| PB 0x0000000708600000| Untracked 
|  24|0x0000000708800000, 0x0000000708a00000, 0x0000000708a00000|100%| O|  |TAMS 0x0000000708800000| PB 0x0000000708800000| Untracked 
|  25|0x0000000708a00000, 0x0000000708c00000, 0x0000000708c00000|100%| O|  |TAMS 0x0000000708a00000| PB 0x0000000708a00000| Untracked 
|  26|0x0000000708c00000, 0x0000000708c00000, 0x0000000708e00000|  0%| F|  |TAMS 0x0000000708c00000| PB 0x0000000708c00000| Untracked 
|  27|0x0000000708e00000, 0x0000000709000000, 0x0000000709000000|100%| O|  |TAMS 0x0000000708e00000| PB 0x0000000708e00000| Untracked 
|  28|0x0000000709000000, 0x0000000709200000, 0x0000000709200000|100%| O|  |TAMS 0x0000000709000000| PB 0x0000000709000000| Untracked 
|  29|0x0000000709200000, 0x0000000709200000, 0x0000000709400000|  0%| F|  |TAMS 0x0000000709200000| PB 0x0000000709200000| Untracked 
|  30|0x0000000709400000, 0x0000000709600000, 0x0000000709600000|100%| O|  |TAMS 0x0000000709400000| PB 0x0000000709400000| Untracked 
|  31|0x0000000709600000, 0x0000000709800000, 0x0000000709800000|100%| O|  |TAMS 0x0000000709600000| PB 0x0000000709600000| Untracked 
|  32|0x0000000709800000, 0x0000000709a00000, 0x0000000709a00000|100%| O|  |TAMS 0x0000000709800000| PB 0x0000000709800000| Untracked 
|  33|0x0000000709a00000, 0x0000000709b9c408, 0x0000000709c00000| 80%| O|  |TAMS 0x0000000709a00000| PB 0x0000000709a00000| Untracked 
|  34|0x0000000709c00000, 0x0000000709c00000, 0x0000000709e00000|  0%| F|  |TAMS 0x0000000709c00000| PB 0x0000000709c00000| Untracked 
|  35|0x0000000709e00000, 0x0000000709e00000, 0x000000070a000000|  0%| F|  |TAMS 0x0000000709e00000| PB 0x0000000709e00000| Untracked 
|  36|0x000000070a000000, 0x000000070a000000, 0x000000070a200000|  0%| F|  |TAMS 0x000000070a000000| PB 0x000000070a000000| Untracked 
|  37|0x000000070a200000, 0x000000070a200000, 0x000000070a400000|  0%| F|  |TAMS 0x000000070a200000| PB 0x000000070a200000| Untracked 
|  38|0x000000070a400000, 0x000000070a400000, 0x000000070a600000|  0%| F|  |TAMS 0x000000070a400000| PB 0x000000070a400000| Untracked 
|  39|0x000000070a600000, 0x000000070a600000, 0x000000070a800000|  0%| F|  |TAMS 0x000000070a600000| PB 0x000000070a600000| Untracked 
|  40|0x000000070a800000, 0x000000070a800000, 0x000000070aa00000|  0%| F|  |TAMS 0x000000070a800000| PB 0x000000070a800000| Untracked 
|  41|0x000000070aa00000, 0x000000070aa00000, 0x000000070ac00000|  0%| F|  |TAMS 0x000000070aa00000| PB 0x000000070aa00000| Untracked 
|  42|0x000000070ac00000, 0x000000070ac00000, 0x000000070ae00000|  0%| F|  |TAMS 0x000000070ac00000| PB 0x000000070ac00000| Untracked 
|  43|0x000000070ae00000, 0x000000070ae00000, 0x000000070b000000|  0%| F|  |TAMS 0x000000070ae00000| PB 0x000000070ae00000| Untracked 
|  44|0x000000070b000000, 0x000000070b000000, 0x000000070b200000|  0%| F|  |TAMS 0x000000070b000000| PB 0x000000070b000000| Untracked 
|  45|0x000000070b200000, 0x000000070b200000, 0x000000070b400000|  0%| F|  |TAMS 0x000000070b200000| PB 0x000000070b200000| Untracked 
|  46|0x000000070b400000, 0x000000070b400000, 0x000000070b600000|  0%| F|  |TAMS 0x000000070b400000| PB 0x000000070b400000| Untracked 
|  47|0x000000070b600000, 0x000000070b600000, 0x000000070b800000|  0%| F|  |TAMS 0x000000070b600000| PB 0x000000070b600000| Untracked 
|  48|0x000000070b800000, 0x000000070b96d850, 0x000000070ba00000| 71%| S|CS|TAMS 0x000000070b800000| PB 0x000000070b800000| Complete 
|  49|0x000000070ba00000, 0x000000070bc00000, 0x000000070bc00000|100%| S|CS|TAMS 0x000000070ba00000| PB 0x000000070ba00000| Complete 
|  50|0x000000070bc00000, 0x000000070bc00000, 0x000000070be00000|  0%| F|  |TAMS 0x000000070bc00000| PB 0x000000070bc00000| Untracked 
|  51|0x000000070be00000, 0x000000070be00000, 0x000000070c000000|  0%| F|  |TAMS 0x000000070be00000| PB 0x000000070be00000| Untracked 
|  52|0x000000070c000000, 0x000000070c000000, 0x000000070c200000|  0%| F|  |TAMS 0x000000070c000000| PB 0x000000070c000000| Untracked 
|  53|0x000000070c200000, 0x000000070c400000, 0x000000070c400000|100%| S|CS|TAMS 0x000000070c200000| PB 0x000000070c200000| Complete 
|  54|0x000000070c400000, 0x000000070c600000, 0x000000070c600000|100%| S|CS|TAMS 0x000000070c400000| PB 0x000000070c400000| Complete 
|  55|0x000000070c600000, 0x000000070c800000, 0x000000070c800000|100%| S|CS|TAMS 0x000000070c600000| PB 0x000000070c600000| Complete 
|  56|0x000000070c800000, 0x000000070c800000, 0x000000070ca00000|  0%| F|  |TAMS 0x000000070c800000| PB 0x000000070c800000| Untracked 
|  57|0x000000070ca00000, 0x000000070ca00000, 0x000000070cc00000|  0%| F|  |TAMS 0x000000070ca00000| PB 0x000000070ca00000| Untracked 
|  58|0x000000070cc00000, 0x000000070cc00000, 0x000000070ce00000|  0%| F|  |TAMS 0x000000070cc00000| PB 0x000000070cc00000| Untracked 
|  59|0x000000070ce00000, 0x000000070ce00000, 0x000000070d000000|  0%| F|  |TAMS 0x000000070ce00000| PB 0x000000070ce00000| Untracked 
|  60|0x000000070d000000, 0x000000070d000000, 0x000000070d200000|  0%| F|  |TAMS 0x000000070d000000| PB 0x000000070d000000| Untracked 
|  61|0x000000070d200000, 0x000000070d200000, 0x000000070d400000|  0%| F|  |TAMS 0x000000070d200000| PB 0x000000070d200000| Untracked 
|  62|0x000000070d400000, 0x000000070d400000, 0x000000070d600000|  0%| F|  |TAMS 0x000000070d400000| PB 0x000000070d400000| Untracked 
|  63|0x000000070d600000, 0x000000070d600000, 0x000000070d800000|  0%| F|  |TAMS 0x000000070d600000| PB 0x000000070d600000| Untracked 
|  64|0x000000070d800000, 0x000000070d800000, 0x000000070da00000|  0%| F|  |TAMS 0x000000070d800000| PB 0x000000070d800000| Untracked 
|  65|0x000000070da00000, 0x000000070da00000, 0x000000070dc00000|  0%| F|  |TAMS 0x000000070da00000| PB 0x000000070da00000| Untracked 
|  66|0x000000070dc00000, 0x000000070dc00000, 0x000000070de00000|  0%| F|  |TAMS 0x000000070dc00000| PB 0x000000070dc00000| Untracked 
|  67|0x000000070de00000, 0x000000070de00000, 0x000000070e000000|  0%| F|  |TAMS 0x000000070de00000| PB 0x000000070de00000| Untracked 
|  68|0x000000070e000000, 0x000000070e000000, 0x000000070e200000|  0%| F|  |TAMS 0x000000070e000000| PB 0x000000070e000000| Untracked 
|  69|0x000000070e200000, 0x000000070e200000, 0x000000070e400000|  0%| F|  |TAMS 0x000000070e200000| PB 0x000000070e200000| Untracked 
|  70|0x000000070e400000, 0x000000070e400000, 0x000000070e600000|  0%| F|  |TAMS 0x000000070e400000| PB 0x000000070e400000| Untracked 
|  71|0x000000070e600000, 0x000000070e600000, 0x000000070e800000|  0%| F|  |TAMS 0x000000070e600000| PB 0x000000070e600000| Untracked 
|  72|0x000000070e800000, 0x000000070e800000, 0x000000070ea00000|  0%| F|  |TAMS 0x000000070e800000| PB 0x000000070e800000| Untracked 
|  73|0x000000070ea00000, 0x000000070ea00000, 0x000000070ec00000|  0%| F|  |TAMS 0x000000070ea00000| PB 0x000000070ea00000| Untracked 
|  74|0x000000070ec00000, 0x000000070ee00000, 0x000000070ee00000|100%| O|  |TAMS 0x000000070ec00000| PB 0x000000070ec00000| Untracked 
|  75|0x000000070ee00000, 0x000000070ee00000, 0x000000070f000000|  0%| F|  |TAMS 0x000000070ee00000| PB 0x000000070ee00000| Untracked 
|  76|0x000000070f000000, 0x000000070f000000, 0x000000070f200000|  0%| F|  |TAMS 0x000000070f000000| PB 0x000000070f000000| Untracked 
|  77|0x000000070f200000, 0x000000070f200000, 0x000000070f400000|  0%| F|  |TAMS 0x000000070f200000| PB 0x000000070f200000| Untracked 
|  78|0x000000070f400000, 0x000000070f400000, 0x000000070f600000|  0%| F|  |TAMS 0x000000070f400000| PB 0x000000070f400000| Untracked 
|  79|0x000000070f600000, 0x000000070f600000, 0x000000070f800000|  0%| F|  |TAMS 0x000000070f600000| PB 0x000000070f600000| Untracked 
|  80|0x000000070f800000, 0x000000070f800000, 0x000000070fa00000|  0%| F|  |TAMS 0x000000070f800000| PB 0x000000070f800000| Untracked 
|  81|0x000000070fa00000, 0x000000070fa00000, 0x000000070fc00000|  0%| F|  |TAMS 0x000000070fa00000| PB 0x000000070fa00000| Untracked 
|  82|0x000000070fc00000, 0x000000070fe00000, 0x000000070fe00000|100%| O|  |TAMS 0x000000070fc00000| PB 0x000000070fc00000| Untracked 
|  83|0x000000070fe00000, 0x000000070fe00000, 0x0000000710000000|  0%| F|  |TAMS 0x000000070fe00000| PB 0x000000070fe00000| Untracked 
|  84|0x0000000710000000, 0x0000000710000000, 0x0000000710200000|  0%| F|  |TAMS 0x0000000710000000| PB 0x0000000710000000| Untracked 
|  85|0x0000000710200000, 0x0000000710200000, 0x0000000710400000|  0%| F|  |TAMS 0x0000000710200000| PB 0x0000000710200000| Untracked 
|  86|0x0000000710400000, 0x0000000710400000, 0x0000000710600000|  0%| F|  |TAMS 0x0000000710400000| PB 0x0000000710400000| Untracked 
|  87|0x0000000710600000, 0x0000000710600000, 0x0000000710800000|  0%| F|  |TAMS 0x0000000710600000| PB 0x0000000710600000| Untracked 
|  88|0x0000000710800000, 0x0000000710800000, 0x0000000710a00000|  0%| F|  |TAMS 0x0000000710800000| PB 0x0000000710800000| Untracked 
|  89|0x0000000710a00000, 0x0000000710a00000, 0x0000000710c00000|  0%| F|  |TAMS 0x0000000710a00000| PB 0x0000000710a00000| Untracked 
|  90|0x0000000710c00000, 0x0000000710c00000, 0x0000000710e00000|  0%| F|  |TAMS 0x0000000710c00000| PB 0x0000000710c00000| Untracked 
|  91|0x0000000710e00000, 0x0000000710e00000, 0x0000000711000000|  0%| F|  |TAMS 0x0000000710e00000| PB 0x0000000710e00000| Untracked 
|  92|0x0000000711000000, 0x0000000711000000, 0x0000000711200000|  0%| F|  |TAMS 0x0000000711000000| PB 0x0000000711000000| Untracked 
|  93|0x0000000711200000, 0x0000000711200000, 0x0000000711400000|  0%| F|  |TAMS 0x0000000711200000| PB 0x0000000711200000| Untracked 
|  94|0x0000000711400000, 0x0000000711400000, 0x0000000711600000|  0%| F|  |TAMS 0x0000000711400000| PB 0x0000000711400000| Untracked 
|  95|0x0000000711600000, 0x0000000711600000, 0x0000000711800000|  0%| F|  |TAMS 0x0000000711600000| PB 0x0000000711600000| Untracked 
|  96|0x0000000711800000, 0x0000000711a00000, 0x0000000711a00000|100%| O|Cm|TAMS 0x0000000711800000| PB 0x0000000711800000| Complete 
|  97|0x0000000711a00000, 0x0000000711c00000, 0x0000000711c00000|100%| O|  |TAMS 0x0000000711a00000| PB 0x0000000711a00000| Untracked 
|  98|0x0000000711c00000, 0x0000000711e00000, 0x0000000711e00000|100%| O|  |TAMS 0x0000000711c00000| PB 0x0000000711c00000| Untracked 
|  99|0x0000000711e00000, 0x0000000711e00000, 0x0000000712000000|  0%| F|  |TAMS 0x0000000711e00000| PB 0x0000000711e00000| Untracked 
| 100|0x0000000712000000, 0x0000000712000000, 0x0000000712200000|  0%| F|  |TAMS 0x0000000712000000| PB 0x0000000712000000| Untracked 
| 101|0x0000000712200000, 0x0000000712200000, 0x0000000712400000|  0%| F|  |TAMS 0x0000000712200000| PB 0x0000000712200000| Untracked 
| 102|0x0000000712400000, 0x0000000712400000, 0x0000000712600000|  0%| F|  |TAMS 0x0000000712400000| PB 0x0000000712400000| Untracked 
| 103|0x0000000712600000, 0x0000000712600000, 0x0000000712800000|  0%| F|  |TAMS 0x0000000712600000| PB 0x0000000712600000| Untracked 
| 104|0x0000000712800000, 0x0000000712800000, 0x0000000712a00000|  0%| F|  |TAMS 0x0000000712800000| PB 0x0000000712800000| Untracked 
| 105|0x0000000712a00000, 0x0000000712a00000, 0x0000000712c00000|  0%| F|  |TAMS 0x0000000712a00000| PB 0x0000000712a00000| Untracked 
| 106|0x0000000712c00000, 0x0000000712c00000, 0x0000000712e00000|  0%| F|  |TAMS 0x0000000712c00000| PB 0x0000000712c00000| Untracked 
| 107|0x0000000712e00000, 0x0000000712e00000, 0x0000000713000000|  0%| F|  |TAMS 0x0000000712e00000| PB 0x0000000712e00000| Untracked 
| 108|0x0000000713000000, 0x0000000713000000, 0x0000000713200000|  0%| F|  |TAMS 0x0000000713000000| PB 0x0000000713000000| Untracked 
| 109|0x0000000713200000, 0x0000000713200000, 0x0000000713400000|  0%| F|  |TAMS 0x0000000713200000| PB 0x0000000713200000| Untracked 
| 110|0x0000000713400000, 0x0000000713400000, 0x0000000713600000|  0%| F|  |TAMS 0x0000000713400000| PB 0x0000000713400000| Untracked 
| 111|0x0000000713600000, 0x0000000713600000, 0x0000000713800000|  0%| F|  |TAMS 0x0000000713600000| PB 0x0000000713600000| Untracked 
| 112|0x0000000713800000, 0x0000000713800000, 0x0000000713a00000|  0%| F|  |TAMS 0x0000000713800000| PB 0x0000000713800000| Untracked 
| 113|0x0000000713a00000, 0x0000000713a00000, 0x0000000713c00000|  0%| F|  |TAMS 0x0000000713a00000| PB 0x0000000713a00000| Untracked 
| 114|0x0000000713c00000, 0x0000000713c00000, 0x0000000713e00000|  0%| F|  |TAMS 0x0000000713c00000| PB 0x0000000713c00000| Untracked 
| 115|0x0000000713e00000, 0x0000000713e00000, 0x0000000714000000|  0%| F|  |TAMS 0x0000000713e00000| PB 0x0000000713e00000| Untracked 
| 116|0x0000000714000000, 0x0000000714098430, 0x0000000714200000| 29%| E|  |TAMS 0x0000000714000000| PB 0x0000000714000000| Complete 
| 117|0x0000000714200000, 0x0000000714400000, 0x0000000714400000|100%| E|CS|TAMS 0x0000000714200000| PB 0x0000000714200000| Complete 
| 118|0x0000000714400000, 0x0000000714600000, 0x0000000714600000|100%| E|CS|TAMS 0x0000000714400000| PB 0x0000000714400000| Complete 
| 119|0x0000000714600000, 0x0000000714800000, 0x0000000714800000|100%| E|CS|TAMS 0x0000000714600000| PB 0x0000000714600000| Complete 
| 120|0x0000000714800000, 0x0000000714a00000, 0x0000000714a00000|100%| E|CS|TAMS 0x0000000714800000| PB 0x0000000714800000| Complete 
| 121|0x0000000714a00000, 0x0000000714c00000, 0x0000000714c00000|100%| E|CS|TAMS 0x0000000714a00000| PB 0x0000000714a00000| Complete 
| 122|0x0000000714c00000, 0x0000000714e00000, 0x0000000714e00000|100%| E|CS|TAMS 0x0000000714c00000| PB 0x0000000714c00000| Complete 
| 123|0x0000000714e00000, 0x0000000715000000, 0x0000000715000000|100%| E|CS|TAMS 0x0000000714e00000| PB 0x0000000714e00000| Complete 
| 124|0x0000000715000000, 0x0000000715200000, 0x0000000715200000|100%| E|CS|TAMS 0x0000000715000000| PB 0x0000000715000000| Complete 
| 125|0x0000000715200000, 0x0000000715400000, 0x0000000715400000|100%| E|CS|TAMS 0x0000000715200000| PB 0x0000000715200000| Complete 
| 126|0x0000000715400000, 0x0000000715600000, 0x0000000715600000|100%| E|CS|TAMS 0x0000000715400000| PB 0x0000000715400000| Complete 
| 127|0x0000000715600000, 0x0000000715800000, 0x0000000715800000|100%| E|CS|TAMS 0x0000000715600000| PB 0x0000000715600000| Complete 
| 128|0x0000000715800000, 0x0000000715a00000, 0x0000000715a00000|100%| E|CS|TAMS 0x0000000715800000| PB 0x0000000715800000| Complete 
| 129|0x0000000715a00000, 0x0000000715c00000, 0x0000000715c00000|100%| E|CS|TAMS 0x0000000715a00000| PB 0x0000000715a00000| Complete 
| 130|0x0000000715c00000, 0x0000000715e00000, 0x0000000715e00000|100%| E|CS|TAMS 0x0000000715c00000| PB 0x0000000715c00000| Complete 
| 131|0x0000000715e00000, 0x0000000716000000, 0x0000000716000000|100%| E|CS|TAMS 0x0000000715e00000| PB 0x0000000715e00000| Complete 
| 132|0x0000000716000000, 0x0000000716200000, 0x0000000716200000|100%| E|CS|TAMS 0x0000000716000000| PB 0x0000000716000000| Complete 
| 133|0x0000000716200000, 0x0000000716400000, 0x0000000716400000|100%| E|CS|TAMS 0x0000000716200000| PB 0x0000000716200000| Complete 
| 134|0x0000000716400000, 0x0000000716600000, 0x0000000716600000|100%| E|CS|TAMS 0x0000000716400000| PB 0x0000000716400000| Complete 
| 135|0x0000000716600000, 0x0000000716800000, 0x0000000716800000|100%| E|CS|TAMS 0x0000000716600000| PB 0x0000000716600000| Complete 
| 136|0x0000000716800000, 0x0000000716a00000, 0x0000000716a00000|100%| E|CS|TAMS 0x0000000716800000| PB 0x0000000716800000| Complete 
| 137|0x0000000716a00000, 0x0000000716c00000, 0x0000000716c00000|100%| E|CS|TAMS 0x0000000716a00000| PB 0x0000000716a00000| Complete 
| 138|0x0000000716c00000, 0x0000000716e00000, 0x0000000716e00000|100%| E|CS|TAMS 0x0000000716c00000| PB 0x0000000716c00000| Complete 
| 139|0x0000000716e00000, 0x0000000717000000, 0x0000000717000000|100%| E|CS|TAMS 0x0000000716e00000| PB 0x0000000716e00000| Complete 
| 140|0x0000000717000000, 0x0000000717200000, 0x0000000717200000|100%| E|CS|TAMS 0x0000000717000000| PB 0x0000000717000000| Complete 
| 141|0x0000000717200000, 0x0000000717400000, 0x0000000717400000|100%| E|CS|TAMS 0x0000000717200000| PB 0x0000000717200000| Complete 
| 142|0x0000000717400000, 0x0000000717600000, 0x0000000717600000|100%| E|CS|TAMS 0x0000000717400000| PB 0x0000000717400000| Complete 
| 313|0x000000072ca00000, 0x000000072cc00000, 0x000000072cc00000|100%| E|CS|TAMS 0x000000072ca00000| PB 0x000000072ca00000| Complete 

Card table byte_map: [0x000001c38f7e0000,0x000001c38ffc0000] _byte_map_base: 0x000001c38bfb4000

Marking Bits: (CMBitMap*) 0x000001c3f735ba50
 Bits: [0x000001c38ffc0000, 0x000001c393e60000)

Polling page: 0x000001c3f51b0000

Metaspace:

Usage:
  Non-class:     79.48 MB used.
      Class:     11.86 MB used.
       Both:     91.34 MB used.

Virtual space:
  Non-class space:      128.00 MB reserved,      79.88 MB ( 62%) committed,  2 nodes.
      Class space:        1.00 GB reserved,      12.44 MB (  1%) committed,  1 nodes.
             Both:        1.12 GB reserved,      92.31 MB (  8%) committed. 

Chunk freelists:
   Non-Class:  15.70 MB
       Class:  3.70 MB
        Both:  19.40 MB

MaxMetaspaceSize: unlimited
CompressedClassSpaceSize: 1.00 GB
Initial GC threshold: 21.00 MB
Current GC threshold: 153.75 MB
CDS: on
 - commit_granule_bytes: 65536.
 - commit_granule_words: 8192.
 - virtual_space_node_default_size: 8388608.
 - enlarge_chunks_in_place: 1.
 - use_allocation_guard: 0.


Internal statistics:

num_allocs_failed_limit: 9.
num_arena_births: 1652.
num_arena_deaths: 390.
num_vsnodes_births: 3.
num_vsnodes_deaths: 0.
num_space_committed: 1477.
num_space_uncommitted: 0.
num_chunks_returned_to_freelist: 464.
num_chunks_taken_from_freelist: 5581.
num_chunk_merges: 114.
num_chunk_splits: 3735.
num_chunks_enlarged: 2752.
num_inconsistent_stats: 0.

CodeHeap 'non-profiled nmethods': size=120000Kb used=7356Kb max_used=9550Kb free=112643Kb
 bounds [0x000001c387ad0000, 0x000001c388430000, 0x000001c38f000000]
CodeHeap 'profiled nmethods': size=120000Kb used=21488Kb max_used=28859Kb free=98511Kb
 bounds [0x000001c380000000, 0x000001c381c30000, 0x000001c387530000]
CodeHeap 'non-nmethods': size=5760Kb used=1736Kb max_used=1794Kb free=4023Kb
 bounds [0x000001c387530000, 0x000001c3877a0000, 0x000001c387ad0000]
 total_blobs=11024 nmethods=10269 adapters=657
 compilation: enabled
              stopped_count=0, restarted_count=0
 full_count=0

Compilation events (20 events):
Event: 13945.710 Thread 0x000001c3967dd240 nmethod 17346 0x000001c387cd1f10 code [0x000001c387cd20e0, 0x000001c387cd2370]
Event: 13945.710 Thread 0x000001c3967dd240 17347       4       org.apache.catalina.connector.RequestFacade::getHeaders (35 bytes)
Event: 13945.711 Thread 0x000001c3967dd8e0 17348       3       org.springframework.data.jpa.repository.support.QueryHints::from (62 bytes)
Event: 13945.712 Thread 0x000001c3967dd8e0 nmethod 17348 0x000001c380023b10 code [0x000001c380023dc0, 0x000001c380024c70]
Event: 13945.725 Thread 0x000001c3967dd240 nmethod 17347 0x000001c387c4a690 code [0x000001c387c4a8c0, 0x000001c387c4b068]
Event: 13945.725 Thread 0x000001c3967dd240 17349       4       org.hibernate.engine.internal.StatefulPersistenceContext::processLoadedEntityHolder (126 bytes)
Event: 13945.752 Thread 0x000001c3967dd240 nmethod 17349 0x000001c387bc9690 code [0x000001c387bc9940, 0x000001c387bca9b0]
Event: 13945.752 Thread 0x000001c3967dd240 17350       4       java.nio.channels.spi.AbstractSelectionKey::isValid (13 bytes)
Event: 13945.752 Thread 0x000001c3967dd240 nmethod 17350 0x000001c387b2cd10 code [0x000001c387b2cea0, 0x000001c387b2cf30]
Event: 13967.679 Thread 0x000001c3967dd8e0 17351       3       sun.nio.ch.Net::setSocketOption (337 bytes)
Event: 13967.687 Thread 0x000001c3967dd8e0 nmethod 17351 0x000001c38022aa10 code [0x000001c38022ada0, 0x000001c38022c640]
Event: 13967.687 Thread 0x000001c3967dd8e0 17352       3       java.nio.ByteBuffer::<init> (14 bytes)
Event: 13967.688 Thread 0x000001c3967dd8e0 nmethod 17352 0x000001c3805fc110 code [0x000001c3805fc2c0, 0x000001c3805fc410]
Event: 13967.688 Thread 0x000001c3967dd8e0 17353       3       java.nio.MappedByteBuffer::limit (6 bytes)
Event: 13967.688 Thread 0x000001c3967dd8e0 nmethod 17353 0x000001c380041510 code [0x000001c3800416c0, 0x000001c3800418d0]
Event: 14005.716 Thread 0x000001c3967dd8e0 17354       3       java.lang.invoke.LambdaForm$MH/0x000001c398c79000::invoke (63 bytes)
Event: 14005.720 Thread 0x000001c3967dd8e0 nmethod 17354 0x000001c3805f4c90 code [0x000001c3805f4f20, 0x000001c3805f5d90]
Event: 14005.764 Thread 0x000001c3967dd8e0 17355   !   3       jdk.proxy4.$Proxy153::findByMobileAndIsActiveTrue (36 bytes)
Event: 14005.765 Thread 0x000001c3967dd8e0 nmethod 17355 0x000001c38009dd90 code [0x000001c38009df80, 0x000001c38009e5a0]
Event: 14065.750 Thread 0x000001c3967dd240 17357       4       org.springframework.core.SerializableTypeWrapper$TypeProxyInvocationHandler::invoke (364 bytes)

GC Heap History (20 events):
Event: 1696.020 GC heap before
{Heap before GC invocations=35 (full 0):
 garbage-first heap   total 643072K, used 435481K [0x0000000705800000, 0x0000000800000000)
  region size 2048K, 143 young (292864K), 4 survivors (8192K)
 Metaspace       used 91216K, committed 92288K, reserved 1179648K
  class space    used 12214K, committed 12736K, reserved 1048576K
}
Event: 1696.064 GC heap after
{Heap after GC invocations=36 (full 0):
 garbage-first heap   total 643072K, used 102065K [0x0000000705800000, 0x0000000800000000)
  region size 2048K, 6 young (12288K), 6 survivors (12288K)
 Metaspace       used 91216K, committed 92288K, reserved 1179648K
  class space    used 12214K, committed 12736K, reserved 1048576K
}
Event: 3375.774 GC heap before
{Heap before GC invocations=36 (full 0):
 garbage-first heap   total 643072K, used 474801K [0x0000000705800000, 0x0000000800000000)
  region size 2048K, 188 young (385024K), 6 survivors (12288K)
 Metaspace       used 92218K, committed 93248K, reserved 1179648K
  class space    used 12224K, committed 12736K, reserved 1048576K
}
Event: 3375.837 GC heap after
{Heap after GC invocations=37 (full 0):
 garbage-first heap   total 643072K, used 101905K [0x0000000705800000, 0x0000000800000000)
  region size 2048K, 6 young (12288K), 6 survivors (12288K)
 Metaspace       used 92218K, committed 93248K, reserved 1179648K
  class space    used 12224K, committed 12736K, reserved 1048576K
}
Event: 5080.044 GC heap before
{Heap before GC invocations=37 (full 0):
 garbage-first heap   total 643072K, used 474641K [0x0000000705800000, 0x0000000800000000)
  region size 2048K, 188 young (385024K), 6 survivors (12288K)
 Metaspace       used 92767K, committed 93824K, reserved 1179648K
  class space    used 12231K, committed 12736K, reserved 1048576K
}
Event: 5080.101 GC heap after
{Heap after GC invocations=38 (full 0):
 garbage-first heap   total 643072K, used 101784K [0x0000000705800000, 0x0000000800000000)
  region size 2048K, 6 young (12288K), 6 survivors (12288K)
 Metaspace       used 92767K, committed 93824K, reserved 1179648K
  class space    used 12231K, committed 12736K, reserved 1048576K
}
Event: 6006.333 GC heap before
{Heap before GC invocations=39 (full 0):
 garbage-first heap   total 356352K, used 302488K [0x0000000705800000, 0x0000000800000000)
  region size 2048K, 104 young (212992K), 6 survivors (12288K)
 Metaspace       used 92643K, committed 93824K, reserved 1179648K
  class space    used 12139K, committed 12736K, reserved 1048576K
}
Event: 6006.398 GC heap after
{Heap after GC invocations=40 (full 0):
 garbage-first heap   total 356352K, used 100221K [0x0000000705800000, 0x0000000800000000)
  region size 2048K, 5 young (10240K), 5 survivors (10240K)
 Metaspace       used 92643K, committed 93824K, reserved 1179648K
  class space    used 12139K, committed 12736K, reserved 1048576K
}
Event: 6953.943 GC heap before
{Heap before GC invocations=40 (full 0):
 garbage-first heap   total 356352K, used 302973K [0x0000000705800000, 0x0000000800000000)
  region size 2048K, 104 young (212992K), 5 survivors (10240K)
 Metaspace       used 92942K, committed 94016K, reserved 1179648K
  class space    used 12141K, committed 12736K, reserved 1048576K
}
Event: 6953.978 GC heap after
{Heap after GC invocations=41 (full 0):
 garbage-first heap   total 356352K, used 88283K [0x0000000705800000, 0x0000000800000000)
  region size 2048K, 5 young (10240K), 5 survivors (10240K)
 Metaspace       used 92942K, committed 94016K, reserved 1179648K
  class space    used 12141K, committed 12736K, reserved 1048576K
}
Event: 7906.999 GC heap before
{Heap before GC invocations=41 (full 0):
 garbage-first heap   total 356352K, used 291035K [0x0000000705800000, 0x0000000800000000)
  region size 2048K, 104 young (212992K), 5 survivors (10240K)
 Metaspace       used 93191K, committed 94272K, reserved 1179648K
  class space    used 12141K, committed 12736K, reserved 1048576K
}
Event: 7907.052 GC heap after
{Heap after GC invocations=42 (full 0):
 garbage-first heap   total 356352K, used 88566K [0x0000000705800000, 0x0000000800000000)
  region size 2048K, 5 young (10240K), 5 survivors (10240K)
 Metaspace       used 93191K, committed 94272K, reserved 1179648K
  class space    used 12141K, committed 12736K, reserved 1048576K
}
Event: 11375.678 GC heap before
{Heap before GC invocations=43 (full 0):
 garbage-first heap   total 307200K, used 262646K [0x0000000705800000, 0x0000000800000000)
  region size 2048K, 90 young (184320K), 5 survivors (10240K)
 Metaspace       used 93264K, committed 94272K, reserved 1179648K
  class space    used 12143K, committed 12736K, reserved 1048576K
}
Event: 11375.738 GC heap after
{Heap after GC invocations=44 (full 0):
 garbage-first heap   total 307200K, used 88050K [0x0000000705800000, 0x0000000800000000)
  region size 2048K, 5 young (10240K), 5 survivors (10240K)
 Metaspace       used 93264K, committed 94272K, reserved 1179648K
  class space    used 12143K, committed 12736K, reserved 1048576K
}
Event: 12201.167 GC heap before
{Heap before GC invocations=44 (full 0):
 garbage-first heap   total 307200K, used 262130K [0x0000000705800000, 0x0000000800000000)
  region size 2048K, 90 young (184320K), 5 survivors (10240K)
 Metaspace       used 93327K, committed 94336K, reserved 1179648K
  class space    used 12143K, committed 12736K, reserved 1048576K
}
Event: 12201.198 GC heap after
{Heap after GC invocations=45 (full 0):
 garbage-first heap   total 307200K, used 84385K [0x0000000705800000, 0x0000000800000000)
  region size 2048K, 5 young (10240K), 5 survivors (10240K)
 Metaspace       used 93327K, committed 94336K, reserved 1179648K
  class space    used 12143K, committed 12736K, reserved 1048576K
}
Event: 13031.854 GC heap before
{Heap before GC invocations=45 (full 0):
 garbage-first heap   total 307200K, used 258465K [0x0000000705800000, 0x0000000800000000)
  region size 2048K, 90 young (184320K), 5 survivors (10240K)
 Metaspace       used 93446K, committed 94464K, reserved 1179648K
  class space    used 12143K, committed 12736K, reserved 1048576K
}
Event: 13031.903 GC heap after
{Heap after GC invocations=46 (full 0):
 garbage-first heap   total 307200K, used 84723K [0x0000000705800000, 0x0000000800000000)
  region size 2048K, 5 young (10240K), 5 survivors (10240K)
 Metaspace       used 93446K, committed 94464K, reserved 1179648K
  class space    used 12143K, committed 12736K, reserved 1048576K
}
Event: 13812.235 GC heap before
{Heap before GC invocations=47 (full 0):
 garbage-first heap   total 294912K, used 250611K [0x0000000705800000, 0x0000000800000000)
  region size 2048K, 86 young (176128K), 5 survivors (10240K)
 Metaspace       used 93529K, committed 94528K, reserved 1179648K
  class space    used 12143K, committed 12736K, reserved 1048576K
}
Event: 13812.265 GC heap after
{Heap after GC invocations=48 (full 0):
 garbage-first heap   total 294912K, used 85031K [0x0000000705800000, 0x0000000800000000)
  region size 2048K, 5 young (10240K), 5 survivors (10240K)
 Metaspace       used 93529K, committed 94528K, reserved 1179648K
  class space    used 12143K, committed 12736K, reserved 1048576K
}

Dll operation events (13 events):
Event: 0.020 Loaded shared library C:\Program Files\Java\jdk-21\bin\java.dll
Event: 0.067 Loaded shared library C:\Program Files\Java\jdk-21\bin\jsvml.dll
Event: 0.279 Loaded shared library C:\Program Files\Java\jdk-21\bin\zip.dll
Event: 0.288 Loaded shared library C:\Program Files\Java\jdk-21\bin\instrument.dll
Event: 0.298 Loaded shared library C:\Program Files\Java\jdk-21\bin\net.dll
Event: 0.306 Loaded shared library C:\Program Files\Java\jdk-21\bin\nio.dll
Event: 0.312 Loaded shared library C:\Program Files\Java\jdk-21\bin\zip.dll
Event: 0.542 Loaded shared library C:\Program Files\Java\jdk-21\bin\extnet.dll
Event: 0.626 Loaded shared library C:\Program Files\Java\jdk-21\bin\jimage.dll
Event: 1.026 Loaded shared library C:\Program Files\Java\jdk-21\bin\management.dll
Event: 1.035 Loaded shared library C:\Program Files\Java\jdk-21\bin\management_ext.dll
Event: 2.737 Loaded shared library C:\Program Files\Java\jdk-21\bin\sunmscapi.dll
Event: 6.548 Loaded shared library C:\Program Files\Java\jdk-21\bin\verify.dll

Deoptimization events (20 events):
Event: 6445.766 Thread 0x000001c3dc7d5780 Uncommon trap: trap_request=0xffffffbe fr.pc=0x000001c387ae705c relative=0x000000000000067c
Event: 6445.766 Thread 0x000001c3dc7d5780 Uncommon trap: reason=profile_predicate action=maybe_recompile pc=0x000001c387ae705c method=com.sun.crypto.provider.HmacCore.engineInit(Ljava/security/Key;Ljava/security/spec/AlgorithmParameterSpec;)V @ 88 c2
Event: 6445.766 Thread 0x000001c3dc7d5780 DEOPT PACKING pc=0x000001c387ae705c sp=0x0000004782cfb970
Event: 6445.766 Thread 0x000001c3dc7d5780 DEOPT UNPACKING pc=0x000001c3875846a2 sp=0x0000004782cfb908 mode 2
Event: 6445.767 Thread 0x000001c3dc7d5780 Uncommon trap: trap_request=0xffffffbe fr.pc=0x000001c387ae705c relative=0x000000000000067c
Event: 6445.767 Thread 0x000001c3dc7d5780 Uncommon trap: reason=profile_predicate action=maybe_recompile pc=0x000001c387ae705c method=com.sun.crypto.provider.HmacCore.engineInit(Ljava/security/Key;Ljava/security/spec/AlgorithmParameterSpec;)V @ 88 c2
Event: 6445.767 Thread 0x000001c3dc7d5780 DEOPT PACKING pc=0x000001c387ae705c sp=0x0000004782cfb980
Event: 6445.767 Thread 0x000001c3dc7d5780 DEOPT UNPACKING pc=0x000001c3875846a2 sp=0x0000004782cfb918 mode 2
Event: 6805.712 Thread 0x000001c3dc7d50f0 Uncommon trap: trap_request=0xffffffe4 fr.pc=0x000001c387c2d7bc relative=0x000000000000119c
Event: 6805.712 Thread 0x000001c3dc7d50f0 Uncommon trap: reason=range_check action=make_not_entrant pc=0x000001c387c2d7bc method=org.postgresql.util.ByteConverter.int2([BI)S @ 14 c2
Event: 6805.712 Thread 0x000001c3dc7d50f0 DEOPT PACKING pc=0x000001c387c2d7bc sp=0x0000004782bf85c0
Event: 6805.712 Thread 0x000001c3dc7d50f0 DEOPT UNPACKING pc=0x000001c3875846a2 sp=0x0000004782bf84c0 mode 2
Event: 11040.872 Thread 0x000001c3dc58a180 Uncommon trap: trap_request=0xffffff45 fr.pc=0x000001c3882a1bf8 relative=0x0000000000000318
Event: 11040.873 Thread 0x000001c3dc58a180 Uncommon trap: reason=unstable_if action=reinterpret pc=0x000001c3882a1bf8 method=java.lang.StringCoding.hasNegatives([BII)Z @ 7 c2
Event: 11040.874 Thread 0x000001c3dc58a180 DEOPT PACKING pc=0x000001c3882a1bf8 sp=0x00000047823fec90
Event: 11040.875 Thread 0x000001c3dc58a180 DEOPT UNPACKING pc=0x000001c3875846a2 sp=0x00000047823fead8 mode 2
Event: 12625.747 Thread 0x000001c3dc7d6b30 DEOPT PACKING pc=0x000001c381675e26 sp=0x00000047831fb520
Event: 12625.750 Thread 0x000001c3dc7d6b30 DEOPT UNPACKING pc=0x000001c387584e42 sp=0x00000047831fa9b0 mode 0
Event: 13467.398 Thread 0x000001c3dc7d9fb0 DEOPT PACKING pc=0x000001c3817c305f sp=0x00000047830fb200
Event: 13467.398 Thread 0x000001c3dc7d9fb0 DEOPT UNPACKING pc=0x000001c387584e42 sp=0x00000047830fa680 mode 0

Classes loaded (20 events):
Event: 802.302 Loading class com/sun/crypto/provider/HmacCore$HmacSHA384
Event: 802.302 Loading class com/sun/crypto/provider/HmacCore$HmacSHA384 done
Event: 802.349 Loading class java/util/stream/LongStream
Event: 802.350 Loading class java/util/stream/LongStream done
Event: 802.350 Loading class java/util/stream/DoubleStream
Event: 802.351 Loading class java/util/stream/DoubleStream done
Event: 802.378 Loading class org/w3c/dom/Node
Event: 802.379 Loading class org/w3c/dom/Node done
Event: 802.379 Loading class org/w3c/dom/Document
Event: 802.379 Loading class org/w3c/dom/Document done
Event: 802.453 Loading class java/io/PushbackInputStream
Event: 802.454 Loading class java/io/PushbackInputStream done
Event: 802.752 Loading class jdk/internal/reflect/MethodHandleBooleanFieldAccessorImpl
Event: 802.753 Loading class jdk/internal/reflect/MethodHandleBooleanFieldAccessorImpl done
Event: 812.493 Loading class java/text/FieldPosition$Delegate
Event: 812.494 Loading class java/text/FieldPosition$Delegate done
Event: 812.932 Loading class java/util/function/LongSupplier
Event: 812.933 Loading class java/util/function/LongSupplier done
Event: 812.973 Loading class java/math/BigDecimal$StringBuilderHelper
Event: 812.973 Loading class java/math/BigDecimal$StringBuilderHelper done

Classes unloaded (20 events):
Event: 5080.341 Thread 0x000001c39679db20 Unloading class 0x000001c398091000 'java/lang/invoke/LambdaForm$MH+0x000001c398091000'
Event: 5080.341 Thread 0x000001c39679db20 Unloading class 0x000001c398090800 'java/lang/invoke/LambdaForm$MH+0x000001c398090800'
Event: 5080.341 Thread 0x000001c39679db20 Unloading class 0x000001c39801b400 'java/lang/invoke/LambdaForm$MH+0x000001c39801b400'
Event: 5080.342 Thread 0x000001c39679db20 Unloading class 0x000001c39801ac00 'java/lang/invoke/LambdaForm$MH+0x000001c39801ac00'
Event: 5080.342 Thread 0x000001c39679db20 Unloading class 0x000001c39801a400 'java/lang/invoke/LambdaForm$MH+0x000001c39801a400'
Event: 5080.342 Thread 0x000001c39679db20 Unloading class 0x000001c39801a000 'java/lang/invoke/LambdaForm$MH+0x000001c39801a000'
Event: 5080.342 Thread 0x000001c39679db20 Unloading class 0x000001c398019000 'java/lang/invoke/LambdaForm$MH+0x000001c398019000'
Event: 5080.342 Thread 0x000001c39679db20 Unloading class 0x000001c398018400 'java/lang/invoke/LambdaForm$MH+0x000001c398018400'
Event: 5080.342 Thread 0x000001c39679db20 Unloading class 0x000001c398018000 'java/lang/invoke/LambdaForm$MH+0x000001c398018000'
Event: 5080.342 Thread 0x000001c39679db20 Unloading class 0x000001c398017800 'java/lang/invoke/LambdaForm$MH+0x000001c398017800'
Event: 5080.342 Thread 0x000001c39679db20 Unloading class 0x000001c398017400 'java/lang/invoke/LambdaForm$MH+0x000001c398017400'
Event: 5080.342 Thread 0x000001c39679db20 Unloading class 0x000001c398017000 'java/lang/invoke/LambdaForm$MH+0x000001c398017000'
Event: 5080.342 Thread 0x000001c39679db20 Unloading class 0x000001c398016400 'java/lang/invoke/LambdaForm$MH+0x000001c398016400'
Event: 5080.342 Thread 0x000001c39679db20 Unloading class 0x000001c398015400 'java/lang/invoke/LambdaForm$MH+0x000001c398015400'
Event: 5080.342 Thread 0x000001c39679db20 Unloading class 0x000001c398014800 'java/lang/invoke/LambdaForm$MH+0x000001c398014800'
Event: 5080.342 Thread 0x000001c39679db20 Unloading class 0x000001c398014000 'java/lang/invoke/LambdaForm$MH+0x000001c398014000'
Event: 5080.342 Thread 0x000001c39679db20 Unloading class 0x000001c398002400 'java/lang/invoke/LambdaForm$MH+0x000001c398002400'
Event: 5080.342 Thread 0x000001c39679db20 Unloading class 0x000001c398002000 'java/lang/invoke/LambdaForm$MH+0x000001c398002000'
Event: 5080.342 Thread 0x000001c39679db20 Unloading class 0x000001c398001c00 'java/lang/invoke/LambdaForm$MH+0x000001c398001c00'
Event: 5080.342 Thread 0x000001c39679db20 Unloading class 0x000001c398001400 'java/lang/invoke/LambdaForm$MH+0x000001c398001400'

Classes redefined (0 events):
No events

Internal exceptions (20 events):
Event: 801.805 Thread 0x000001c3dc7d5e10 Exception <a 'java/lang/NoSuchMethodError'{0x000000072a1cdcb8}: 'java.lang.Object java.lang.invoke.Invokers$Holder.linkToTargetMethod(java.lang.Object, java.lang.Object, java.lang.Object, long, java.lang.Object)'> (0x000000072a1cdcb8) 
thrown [s\open\src\hotspot\share\interpreter\linkResolver.cpp, line 773]
Event: 802.829 Thread 0x000001c3dc7d5780 Exception <a 'java/lang/NoSuchMethodError'{0x00000007291d6390}: 'int java.lang.invoke.Invokers$Holder.invokeExact_MT(java.lang.Object, java.lang.Object, java.lang.Object)'> (0x00000007291d6390) 
thrown [s\open\src\hotspot\share\interpreter\linkResolver.cpp, line 773]
Event: 812.414 Thread 0x000001c3dc7d9fb0 Implicit null exception at 0x000001c38804b57a to 0x000001c38804b6f8
Event: 812.432 Thread 0x000001c3dc7d9fb0 Exception <a 'java/lang/NoSuchMethodError'{0x00000007289113c8}: 'int java.lang.invoke.DirectMethodHandle$Holder.invokeStatic(java.lang.Object, java.lang.Object, int, int)'> (0x00000007289113c8) 
thrown [s\open\src\hotspot\share\interpreter\linkResolver.cpp, line 773]
Event: 812.512 Thread 0x000001c3dc7d9fb0 Exception <a 'java/lang/NoSuchMethodError'{0x00000007289cb360}: 'long java.lang.invoke.DelegatingMethodHandle$Holder.reinvoke_L(java.lang.Object, java.lang.Object)'> (0x00000007289cb360) 
thrown [s\open\src\hotspot\share\interpreter\linkResolver.cpp, line 773]
Event: 812.883 Thread 0x000001c3dc7d4a60 Exception <a 'java/lang/NoSuchMethodError'{0x00000007282358e0}: 'java.lang.Object java.lang.invoke.DelegatingMethodHandle$Holder.reinvoke_L(java.lang.Object, java.lang.Object, java.lang.Object, java.lang.Object, int, int, java.lang.Object, java.lang.Object)'> (0x00000007282358e0) 
thrown [s\open\src\hotspot\share\interpreter\linkResolver.cpp, line 773]
Event: 812.883 Thread 0x000001c3dc7d9290 Exception <a 'java/lang/NoSuchMethodError'{0x00000007285c3808}: 'java.lang.Object java.lang.invoke.DelegatingMethodHandle$Holder.reinvoke_L(java.lang.Object, java.lang.Object, java.lang.Object, java.lang.Object, int, int, java.lang.Object, java.lang.Object)'> (0x00000007285c3808) 
thrown [s\open\src\hotspot\share\interpreter\linkResolver.cpp, line 773]
Event: 812.897 Thread 0x000001c3dc7d4a60 Implicit null exception at 0x000001c387db7b3b to 0x000001c387db7ffc
Event: 812.897 Thread 0x000001c3dc7d9290 Implicit null exception at 0x000001c387db7b3b to 0x000001c387db7ffc
Event: 812.920 Thread 0x000001c3dc7d4a60 Exception <a 'java/lang/IncompatibleClassChangeError'{0x000000072805e960}: Found class java.lang.Object, but interface was expected> (0x000000072805e960) 
thrown [s\open\src\hotspot\share\interpreter\linkResolver.cpp, line 840]
Event: 819.702 Thread 0x000001c3dc7d9920 Exception <a 'java/lang/NoSuchMethodError'{0x00000007278b86b8}: 'java.lang.Object java.lang.invoke.DirectMethodHandle$Holder.invokeVirtual(java.lang.Object, java.lang.Object, java.lang.Object, java.lang.Object, java.lang.Object, java.lang.Object, java.lang.Object, java.lang.Object, java.lang.Object, java.lang.Object, java.lang.Object, int, int, java.lang.Object, java.lang.Object)'> (0x00000007278b86b8) 
thrown [s\open\src\hotspot\share\interpreter\linkResolver.cpp, line 773]
Event: 819.703 Thread 0x000001c3dc7d9920 Exception <a 'java/lang/NoSuchMethodError'{0x00000007278bcd30}: 'java.lang.Object java.lang.invoke.DelegatingMethodHandle$Holder.reinvoke_L(java.lang.Object, java.lang.Object, java.lang.Object, java.lang.Object, java.lang.Object, java.lang.Object, java.lang.Object, java.lang.Object, java.lang.Object, java.lang.Object, java.lang.Object, int, int, java.lang.Object, java.lang.Object)'> (0x00000007278bcd30) 
thrown [s\open\src\hotspot\share\interpreter\linkResolver.cpp, line 773]
Event: 819.703 Thread 0x000001c3dc7d9290 Exception <a 'java/lang/NoSuchMethodError'{0x0000000727bfe198}: 'java.lang.Object java.lang.invoke.DelegatingMethodHandle$Holder.reinvoke_L(java.lang.Object, java.lang.Object, java.lang.Object, java.lang.Object, java.lang.Object, java.lang.Object, java.lang.Object, java.lang.Object, java.lang.Object, java.lang.Object, java.lang.Object, int, int, java.lang.Object, java.lang.Object)'> (0x0000000727bfe198) 
thrown [s\open\src\hotspot\share\interpreter\linkResolver.cpp, line 773]
Event: 821.564 Thread 0x000001c3dc7d9290 Exception <a 'java/lang/NoSuchMethodError'{0x000000072752b640}: 'java.lang.Object java.lang.invoke.DirectMethodHandle$Holder.invokeSpecial(java.lang.Object, java.lang.Object, java.lang.Object, int, int, java.lang.Object, java.lang.Object)'> (0x000000072752b640) 
thrown [s\open\src\hotspot\share\interpreter\linkResolver.cpp, line 773]
Event: 821.564 Thread 0x000001c3dc7d9290 Exception <a 'java/lang/NoSuchMethodError'{0x000000072752f790}: 'java.lang.Object java.lang.invoke.DelegatingMethodHandle$Holder.reinvoke_L(java.lang.Object, java.lang.Object, int, int, java.lang.Object, java.lang.Object)'> (0x000000072752f790) 
thrown [s\open\src\hotspot\share\interpreter\linkResolver.cpp, line 773]
Event: 5393.306 Thread 0x000001c3dc588dd0 Implicit null exception at 0x000001c387c12c54 to 0x000001c387c12f20
Event: 5394.307 Thread 0x000001c3dc589460 Implicit null exception at 0x000001c387c12c54 to 0x000001c387c12f20
Event: 5395.316 Thread 0x000001c3dc588dd0 Implicit null exception at 0x000001c387c12c54 to 0x000001c387c12f20
Event: 5396.315 Thread 0x000001c3dc588dd0 Implicit null exception at 0x000001c387c12c54 to 0x000001c387c12f20
Event: 5397.310 Thread 0x000001c3dc589460 Implicit null exception at 0x000001c387fd8e4e to 0x000001c387fd9108

ZGC Phase Switch (0 events):
No events

VM Operations (20 events):
Event: 13202.058 Executing VM operation: Cleanup
Event: 13202.058 Executing VM operation: Cleanup done
Event: 13203.653 Executing VM operation: HandshakeAllThreads (HandshakeForDeflation)
Event: 13203.653 Executing VM operation: HandshakeAllThreads (HandshakeForDeflation) done
Event: 13203.653 Executing VM operation: RendezvousGCThreads
Event: 13203.653 Executing VM operation: RendezvousGCThreads done
Event: 13225.806 Executing VM operation: Cleanup
Event: 13225.806 Executing VM operation: Cleanup done
Event: 13467.620 Executing VM operation: Cleanup
Event: 13467.620 Executing VM operation: Cleanup done
Event: 13478.704 Executing VM operation: Cleanup
Event: 13478.704 Executing VM operation: Cleanup done
Event: 13645.766 Executing VM operation: Cleanup
Event: 13645.766 Executing VM operation: Cleanup done
Event: 13766.536 Executing VM operation: Cleanup
Event: 13766.536 Executing VM operation: Cleanup done
Event: 13812.234 Executing VM operation: G1CollectForAllocation (G1 Evacuation Pause)
Event: 13812.265 Executing VM operation: G1CollectForAllocation (G1 Evacuation Pause) done
Event: 13945.905 Executing VM operation: Cleanup
Event: 13945.905 Executing VM operation: Cleanup done

Events (20 events):
Event: 13076.011 Thread 0x000001c3ded40620 Thread added: 0x000001c3ded40620
Event: 13076.013 Thread 0x000001c3ded40cb0 Thread added: 0x000001c3ded40cb0
Event: 13081.015 Thread 0x000001c3ded40620 Thread exited: 0x000001c3ded40620
Event: 13081.126 Thread 0x000001c3ded40cb0 Thread exited: 0x000001c3ded40cb0
Event: 13129.239 Thread 0x000001c3ded3f270 Thread added: 0x000001c3ded3f270
Event: 13129.241 Thread 0x000001c3ded40620 Thread added: 0x000001c3ded40620
Event: 13134.243 Thread 0x000001c3ded3f270 Thread exited: 0x000001c3ded3f270
Event: 13134.354 Thread 0x000001c3ded40620 Thread exited: 0x000001c3ded40620
Event: 13201.978 Thread 0x000001c3ded3f270 Thread added: 0x000001c3ded3f270
Event: 13201.979 Thread 0x000001c3ded3f900 Thread added: 0x000001c3ded3f900
Event: 13206.992 Thread 0x000001c3ded3f270 Thread exited: 0x000001c3ded3f270
Event: 13207.071 Thread 0x000001c3ded3f900 Thread exited: 0x000001c3ded3f900
Event: 13967.673 Thread 0x000001c3ded3f270 Thread added: 0x000001c3ded3f270
Event: 13967.674 Thread 0x000001c3ded3cb10 Thread added: 0x000001c3ded3cb10
Event: 13972.685 Thread 0x000001c3ded3f270 Thread exited: 0x000001c3ded3f270
Event: 13972.781 Thread 0x000001c3ded3cb10 Thread exited: 0x000001c3ded3cb10
Event: 14055.340 Thread 0x000001c3ded3cb10 Thread added: 0x000001c3ded3cb10
Event: 14055.343 Thread 0x000001c3ded3d830 Thread added: 0x000001c3ded3d830
Event: 14060.348 Thread 0x000001c3ded3cb10 Thread exited: 0x000001c3ded3cb10
Event: 14060.437 Thread 0x000001c3ded3d830 Thread exited: 0x000001c3ded3d830


Dynamic libraries:
0x00007ff77e880000 - 0x00007ff77e890000 	C:\Program Files\Java\jdk-21\bin\java.exe
0x00007ffdfda80000 - 0x00007ffdfdce5000 	C:\WINDOWS\SYSTEM32\ntdll.dll
0x00007ffdfc940000 - 0x00007ffdfca09000 	C:\WINDOWS\System32\KERNEL32.DLL
0x00007ffdfadb0000 - 0x00007ffdfb198000 	C:\WINDOWS\System32\KERNELBASE.dll
0x00007ffdfb620000 - 0x00007ffdfb76b000 	C:\WINDOWS\System32\ucrtbase.dll
0x00007ffde1710000 - 0x00007ffde172b000 	C:\Program Files\Java\jdk-21\bin\VCRUNTIME140.dll
0x00007ffde0930000 - 0x00007ffde0949000 	C:\Program Files\Java\jdk-21\bin\jli.dll
0x00007ffdfcb90000 - 0x00007ffdfcc43000 	C:\WINDOWS\System32\ADVAPI32.dll
0x00007ffdfbb90000 - 0x00007ffdfbc39000 	C:\WINDOWS\System32\msvcrt.dll
0x00007ffdfba50000 - 0x00007ffdfbaf6000 	C:\WINDOWS\System32\sechost.dll
0x00007ffdfcca0000 - 0x00007ffdfcdb5000 	C:\WINDOWS\System32\RPCRT4.dll
0x00007ffdfce00000 - 0x00007ffdfcfca000 	C:\WINDOWS\System32\USER32.dll
0x00007ffdfb1a0000 - 0x00007ffdfb1c7000 	C:\WINDOWS\System32\win32u.dll
0x00007ffdfcc70000 - 0x00007ffdfcc9b000 	C:\WINDOWS\System32\GDI32.dll
0x00007ffdfac70000 - 0x00007ffdfada7000 	C:\WINDOWS\System32\gdi32full.dll
0x00007ffdfb770000 - 0x00007ffdfb813000 	C:\WINDOWS\System32\msvcp_win.dll
0x00007ffddaca0000 - 0x00007ffddaf3a000 	C:\WINDOWS\WinSxS\amd64_microsoft.windows.common-controls_6595b64144ccf1df_6.0.26100.4202_none_3e0698d4e335f517\COMCTL32.dll
0x00007ffde68e0000 - 0x00007ffde68eb000 	C:\WINDOWS\SYSTEM32\VERSION.dll
0x00007ffdfcdc0000 - 0x00007ffdfcdf0000 	C:\WINDOWS\System32\IMM32.DLL
0x00007ffdf1210000 - 0x00007ffdf121c000 	C:\Program Files\Java\jdk-21\bin\vcruntime140_1.dll
0x00007ffdb3910000 - 0x00007ffdb399e000 	C:\Program Files\Java\jdk-21\bin\msvcp140.dll
0x00007ffd5c460000 - 0x00007ffd5d17a000 	C:\Program Files\Java\jdk-21\bin\server\jvm.dll
0x00007ffdfb820000 - 0x00007ffdfb894000 	C:\WINDOWS\System32\WS2_32.dll
0x00007ffdfaa20000 - 0x00007ffdfaa7e000 	C:\WINDOWS\SYSTEM32\POWRPROF.dll
0x00007ffdf2160000 - 0x00007ffdf2195000 	C:\WINDOWS\SYSTEM32\WINMM.dll
0x00007ffdfaa00000 - 0x00007ffdfaa14000 	C:\WINDOWS\SYSTEM32\UMPDC.dll
0x00007ffdf9990000 - 0x00007ffdf99ab000 	C:\WINDOWS\SYSTEM32\kernel.appcore.dll
0x00007ffdf10c0000 - 0x00007ffdf10ca000 	C:\Program Files\Java\jdk-21\bin\jimage.dll
0x00007ffdf8320000 - 0x00007ffdf8561000 	C:\WINDOWS\SYSTEM32\DBGHELP.DLL
0x00007ffdfcfd0000 - 0x00007ffdfd355000 	C:\WINDOWS\System32\combase.dll
0x00007ffdfbea0000 - 0x00007ffdfbf81000 	C:\WINDOWS\System32\OLEAUT32.dll
0x00007ffdcfc00000 - 0x00007ffdcfc39000 	C:\WINDOWS\SYSTEM32\dbgcore.DLL
0x00007ffdfabd0000 - 0x00007ffdfac69000 	C:\WINDOWS\System32\bcryptPrimitives.dll
0x00007ffde8a70000 - 0x00007ffde8a7f000 	C:\Program Files\Java\jdk-21\bin\instrument.dll
0x00007ffddb8f0000 - 0x00007ffddb90f000 	C:\Program Files\Java\jdk-21\bin\java.dll
0x00007ffdfbfc0000 - 0x00007ffdfc702000 	C:\WINDOWS\System32\SHELL32.dll
0x00007ffdfb410000 - 0x00007ffdfb584000 	C:\WINDOWS\System32\wintypes.dll
0x00007ffdf8800000 - 0x00007ffdf9058000 	C:\WINDOWS\SYSTEM32\windows.storage.dll
0x00007ffdfca10000 - 0x00007ffdfcb01000 	C:\WINDOWS\System32\SHCORE.dll
0x00007ffdfd460000 - 0x00007ffdfd4ca000 	C:\WINDOWS\System32\shlwapi.dll
0x00007ffdfaae0000 - 0x00007ffdfab0f000 	C:\WINDOWS\SYSTEM32\profapi.dll
0x00007ffda3530000 - 0x00007ffda3607000 	C:\Program Files\Java\jdk-21\bin\jsvml.dll
0x00007ffdc3200000 - 0x00007ffdc3218000 	C:\Program Files\Java\jdk-21\bin\zip.dll
0x00007ffde21d0000 - 0x00007ffde21e0000 	C:\Program Files\Java\jdk-21\bin\net.dll
0x00007ffdf02f0000 - 0x00007ffdf040e000 	C:\WINDOWS\SYSTEM32\WINHTTP.dll
0x00007ffdf9f00000 - 0x00007ffdf9f6a000 	C:\WINDOWS\system32\mswsock.dll
0x00007ffdb9b10000 - 0x00007ffdb9b26000 	C:\Program Files\Java\jdk-21\bin\nio.dll
0x00007ffde1630000 - 0x00007ffde1639000 	C:\Program Files\Java\jdk-21\bin\extnet.dll
0x00007ffde0bf0000 - 0x00007ffde0bfa000 	C:\Program Files\Java\jdk-21\bin\management.dll
0x00007ffde0920000 - 0x00007ffde092b000 	C:\Program Files\Java\jdk-21\bin\management_ext.dll
0x00007ffdfcc50000 - 0x00007ffdfcc58000 	C:\WINDOWS\System32\PSAPI.DLL
0x00007ffde0380000 - 0x00007ffde038e000 	C:\Program Files\Java\jdk-21\bin\sunmscapi.dll
0x00007ffdfb290000 - 0x00007ffdfb407000 	C:\WINDOWS\System32\CRYPT32.dll
0x00007ffdfa3d0000 - 0x00007ffdfa400000 	C:\WINDOWS\SYSTEM32\ncrypt.dll
0x00007ffdfa380000 - 0x00007ffdfa3bf000 	C:\WINDOWS\SYSTEM32\NTASN1.dll
0x00007ffdfa1c0000 - 0x00007ffdfa1db000 	C:\WINDOWS\SYSTEM32\CRYPTSP.dll
0x00007ffdf98f0000 - 0x00007ffdf992a000 	C:\WINDOWS\system32\rsaenh.dll
0x00007ffdf9fa0000 - 0x00007ffdf9fcb000 	C:\WINDOWS\SYSTEM32\USERENV.dll
0x00007ffdfaab0000 - 0x00007ffdfaad6000 	C:\WINDOWS\SYSTEM32\bcrypt.dll
0x00007ffdfa1b0000 - 0x00007ffdfa1bc000 	C:\WINDOWS\SYSTEM32\CRYPTBASE.dll
0x00007ffdf9420000 - 0x00007ffdf9453000 	C:\WINDOWS\SYSTEM32\IPHLPAPI.DLL
0x00007ffdfcc60000 - 0x00007ffdfcc6a000 	C:\WINDOWS\System32\NSI.dll
0x00007ffddba80000 - 0x00007ffddba90000 	C:\Program Files\Java\jdk-21\bin\verify.dll
0x00007ffdf9460000 - 0x00007ffdf9587000 	C:\WINDOWS\SYSTEM32\DNSAPI.dll
0x00007ffdf0b40000 - 0x00007ffdf0b4b000 	C:\Windows\System32\rasadhlp.dll
0x00007ffdf23e0000 - 0x00007ffdf2466000 	C:\WINDOWS\System32\fwpuclnt.dll
0x00007ffdcb740000 - 0x00007ffdcb748000 	C:\WINDOWS\system32\wshunix.dll

dbghelp: loaded successfully - version: 4.0.5 - missing functions: none
symbol engine: initialized successfully - sym options: 0x614 - pdb path: .;C:\Program Files\Java\jdk-21\bin;C:\WINDOWS\SYSTEM32;C:\WINDOWS\WinSxS\amd64_microsoft.windows.common-controls_6595b64144ccf1df_6.0.26100.4202_none_3e0698d4e335f517;C:\Program Files\Java\jdk-21\bin\server

VM Arguments:
jvm_args: -javaagent:C:\Program Files\JetBrains\IntelliJ IDEA Community Edition 2025.1.2\lib\idea_rt.jar=64971 -Dfile.encoding=UTF-8 -Dsun.stdout.encoding=UTF-8 -Dsun.stderr.encoding=UTF-8 
java_command: com.erp.system.ErpSystemApplication
java_class_path (initial): D:\Projects\ERP\backend\erp-system\target\classes;C:\Users\G M TECHNOSYS\.m2\repository\org\springframework\boot\spring-boot-starter-data-jpa\3.5.6\spring-boot-starter-data-jpa-3.5.6.jar;C:\Users\G M TECHNOSYS\.m2\repository\org\springframework\boot\spring-boot-starter\3.5.6\spring-boot-starter-3.5.6.jar;C:\Users\G M TECHNOSYS\.m2\repository\org\springframework\boot\spring-boot-starter-logging\3.5.6\spring-boot-starter-logging-3.5.6.jar;C:\Users\G M TECHNOSYS\.m2\repository\ch\qos\logback\logback-classic\1.5.18\logback-classic-1.5.18.jar;C:\Users\G M TECHNOSYS\.m2\repository\ch\qos\logback\logback-core\1.5.18\logback-core-1.5.18.jar;C:\Users\G M TECHNOSYS\.m2\repository\org\apache\logging\log4j\log4j-to-slf4j\2.24.3\log4j-to-slf4j-2.24.3.jar;C:\Users\G M TECHNOSYS\.m2\repository\org\apache\logging\log4j\log4j-api\2.24.3\log4j-api-2.24.3.jar;C:\Users\G M TECHNOSYS\.m2\repository\org\slf4j\jul-to-slf4j\2.0.17\jul-to-slf4j-2.0.17.jar;C:\Users\G M TECHNOSYS\.m2\repository\jakarta\annotation\jakarta.annotation-api\2.1.1\jakarta.annotation-api-2.1.1.jar;C:\Users\G M TECHNOSYS\.m2\repository\org\yaml\snakeyaml\2.4\snakeyaml-2.4.jar;C:\Users\G M TECHNOSYS\.m2\repository\org\springframework\boot\spring-boot-starter-jdbc\3.5.6\spring-boot-starter-jdbc-3.5.6.jar;C:\Users\G M TECHNOSYS\.m2\repository\com\zaxxer\HikariCP\6.3.3\HikariCP-6.3.3.jar;C:\Users\G M TECHNOSYS\.m2\repository\org\springframework\spring-jdbc\6.2.11\spring-jdbc-6.2.11.jar;C:\Users\G M TECHNOSYS\.m2\repository\org\hibernate\orm\hibernate-core\6.6.29.Final\hibernate-core-6.6.29.Final.jar;C:\Users\G M TECHNOSYS\.m2\repository\jakarta\persistence\jakarta.persistence-api\3.1.0\jakarta.persistence-api-3.1.0.jar;C:\Users\G M TECHNOSYS\.m2\repository\jakarta\transaction\jakarta.transaction-api\2.0.1\jakarta.transaction-api-2.0.1.jar;C:\Users\G M TECHNOSYS\.m2\repository\org\jboss\logging\jboss-logging\3.6.1.Final\jboss-logging-3.6.1.Final.jar;C:\Users\G M TECHNOSYS\.m2\repository\org\hibernate\common\hibernate-commons-annotations\7.0.3.Final\hibernate-commons-annotations-7.0.3.Final.jar;C:\Users\G M TECHNOSYS\.m2\repository\io\smallrye\jandex\3.2.0\jandex-3.2.0.jar;C:\Users\G M TECHNOSYS\.m2\repository\com\fasterxml\classmate\1.7.0\classmate-1.7.0.jar;C:\Users\G M TECHNOSYS\.m2\repository\net\bytebuddy\byte-buddy\1.17.7\byte-buddy-1.17.7.jar;C:\Users\G M TECHNOSYS\.m2\repository\org\glassfish\jaxb\jaxb-runtime\4.0.5\jaxb-runtime-4.0.5.jar;C:\Users\G M TECHNOSYS\.m2\repository\org\glassfish\jaxb\jaxb-core\4.0.5\jaxb-core-4.0.5.jar;C:\Users\G M TECHNOSYS\.m2\repository\org\eclipse\angus\angus-activation\2.0.2\angus-activation-2.0.2.jar;C:\Users\G M TECHNOSYS\.m2\repository\org\glassfish\jaxb\txw2\4.0.5\txw2-4.0.5.jar;C:\Users\G M TECHNOSYS\.m2\repository\com\sun\istack\istack-commons-runtime\4.1.2\istack-commons-runtime-4.1.2.jar;C:\Users\G M TECHNOSYS\.m2\repository\jakarta\inject\jakarta.inject-api\2.0.1\jakarta.inject-api-2.0.1.jar;C:\Users\G M TECHNOSYS\.m2\repository\org\antlr\antlr4-runtime\4.13.0\antlr4-runtime-4.13.0.jar;C:\Users\G M TECHNOSYS\.m2\repository\org\springframework\data\spring-data-jpa\3.5.4\spring-data-jpa-3.5.4.jar;C:\Users\G M TECHNOSYS\.m2\repository\org\springframework\data\spring-data-commons\3.5.4\spring-data-commons-3.5.4.jar;C:\Users\G M TECHNOSYS\.m2\repository\org\springframework\spring-orm\6.2.11\spring-orm-6.2.11.jar;C:\Users\G M TECHNOSYS\.m2\repository\org\springframework\spring-context\6.2.11\spring-context-6.2.11.jar;C:\Users\G M TECHNOSYS\.m2\repository\org\springframework\spring-tx\6.2.11\spring-tx-6.2.11.jar;C:\Users\G M TECHNOSYS\.m2\repository\org\springframework\spring-beans\6.2.11\spring-beans-6.2.11.jar;C:\Users\G M TECHNOSYS\.m2\repository\org\slf4j\slf4j-api\2.0.17\slf4j-api-2.0.17.jar;C:\Users\G M TECHNOSYS\.m2\repository\org\springframework\spring-aspects\6.2.11\spring-aspects-6.2.11.jar;C:\Users\G M TECHNOSYS\.m2\repository\org\aspectj\aspectjweaver\1.9.24\aspectjweaver-1.9.24.jar;C:\Users\G M TECHNOSYS\.m2\repository\io\jsonwebtoken\jjwt-api\0.12.6\jjwt-api-0.12.6.jar;C:\Users\G M TECHNOSYS\.m2\repository\io\jsonwebtoken\jjwt-impl\0.12.6\jjwt-impl-0.12.6.jar;C:\Users\G M TECHNOSYS\.m2\repository\io\jsonwebtoken\jjwt-jackson\0.12.6\jjwt-jackson-0.12.6.jar;C:\Users\G M TECHNOSYS\.m2\repository\com\fasterxml\jackson\core\jackson-databind\2.19.2\jackson-databind-2.19.2.jar;C:\Users\G M TECHNOSYS\.m2\repository\com\fasterxml\jackson\core\jackson-annotations\2.19.2\jackson-annotations-2.19.2.jar;C:\Users\G M TECHNOSYS\.m2\repository\com\fasterxml\jackson\core\jackson-core\2.19.2\jackson-core-2.19.2.jar;C:\Users\G M TECHNOSYS\.m2\repository\org\springframework\boot\spring-boot-starter-security\3.5.6\spring-boot-starter-security-3.5.6.jar;C:\Users\G M TECHNOSYS\.m2\repository\org\springframework\spring-aop\6.2.11\spring-aop-6.2.11.jar;C:\Users\G M TECHNOSYS\.m2\repository\org\springframework\security\spring-security-config\6.5.5\spring-security-config-6.5.5.jar;C:\Users\G M TECHNOSYS\.m2\repository\org\springframework\security\spring-security-web\6.5.5\spring-security-web-6.5.5.jar;C:\Users\G M TECHNOSYS\.m2\repository\org\springframework\spring-expression\6.2.11\spring-expression-6.2.11.jar;C:\Users\G M TECHNOSYS\.m2\repository\org\springframework\boot\spring-boot-starter-validation\3.5.6\spring-boot-starter-validation-3.5.6.jar;C:\Users\G M TECHNOSYS\.m2\repository\org\apache\tomcat\embed\tomcat-embed-el\10.1.46\tomcat-embed-el-10.1.46.jar;C:\Users\G M TECHNOSYS\.m2\repository\org\hibernate\validator\hibernate-validator\8.0.3.Final\hibernate-validator-8.0.3.Final.jar;C:\Users\G M TECHNOSYS\.m2\repository\jakarta\validation\jakarta.validation-api\3.0.2\jakarta.validation-api-3.0.2.jar;C:\Users\G M TECHNOSYS\.m2\repository\org\springframework\boot\spring-boot-starter-web\3.5.6\spring-boot-starter-web-3.5.6.jar;C:\Users\G M TECHNOSYS\.m2\repository\org\springframework\boot\spring-boot-starter-json\3.5.6\spring-boot-starter-json-3.5.6.jar;C:\Users\G M TECHNOSYS\.m2\repository\com\fasterxml\jackson\datatype\jackson-datatype-jdk8\2.19.2\jackson-datatype-jdk8-2.19.2.jar;C:\Users\G M TECHNOSYS\.m2\repository\com\fasterxml\jackson\datatype\jackson-datatype-jsr310\2.19.2\jackson-datatype-jsr310-2.19.2.jar;C:\Users\G M TECHNOSYS\.m2\repository\com\fasterxml\jackson\module\jackson-module-parameter-names\2.19.2\jackson-module-parameter-names-2.19.2.jar;C:\Users\G M TECHNOSYS\.m2\repository\org\springframework\boot\spring-boot-starter-tomcat\3.5.6\spring-boot-starter-tomcat-3.5.6.jar;C:\Users\G M TECHNOSYS\.m2\repository\org\apache\tomcat\embed\tomcat-embed-core\10.1.46\tomcat-embed-core-10.1.46.jar;C:\Users\G M TECHNOSYS\.m2\repository\org\apache\tomcat\embed\tomcat-embed-websocket\10.1.46\tomcat-embed-websocket-10.1.46.jar;C:\Users\G M TECHNOSYS\.m2\repository\org\springframework\spring-web\6.2.11\spring-web-6.2.11.jar;C:\Users\G M TECHNOSYS\.m2\repository\io\micrometer\micrometer-observation\1.15.4\micrometer-observation-1.15.4.jar;C:\Users\G M TECHNOSYS\.m2\repository\io\micrometer\micrometer-commons\1.15.4\micrometer-commons-1.15.4.jar;C:\Users\G M TECHNOSYS\.m2\repository\org\springframework\spring-webmvc\6.2.11\spring-webmvc-6.2.11.jar;C:\Users\G M TECHNOSYS\.m2\repository\org\springframework\boot\spring-boot-devtools\3.5.6\spring-boot-devtools-3.5.6.jar;C:\Users\G M TECHNOSYS\.m2\repository\org\springframework\boot\spring-boot\3.5.6\spring-boot-3.5.6.jar;C:\Users\G M TECHNOSYS\.m2\repository\org\springframework\boot\spring-boot-autoconfigure\3.5.6\spring-boot-autoconfigure-3.5.6.jar;C:\Users\G M TECHNOSYS\.m2\repository\org\postgresql\postgresql\42.7.7\postgresql-42.7.7.jar;C:\Users\G M TECHNOSYS\.m2\repository\org\checkerframework\checker-qual\3.49.3\checker-qual-3.49.3.jar;C:\Users\G M TECHNOSYS\.m2\repository\org\projectlombok\lombok\1.18.40\lombok-1.18.40.jar;C:\Users\G M TECHNOSYS\.m2\repository\org\mapstruct\mapstruct\1.5.5.Final\mapstruct-1.5.5.Final.jar;C:\Users\G M TECHNOSYS\.m2\repository\jakarta\xml\bind\jakarta.xml.bind-api\4.0.2\jakarta.xml.bind-api-4.0.2.jar;C:\Users\G M TECHNOSYS\.m2\repository\jakarta\activation\jakarta.activation-api\2.1.4\jakarta.activation-api-2.1.4.jar;C:\Users\G M TECHNOSYS\.m2\repository\org\springframework\spring-core\6.2.11\spring-core-6.2.11.jar;C:\Users\G M TECHNOSYS\.m2\repository\org\springframework\spring-jcl\6.2.11\spring-jcl-6.2.11.jar;C:\Users\G M TECHNOSYS\.m2\repository\org\springframework\security\spring-security-core\6.5.5\spring-security-core-6.5.5.jar;C:\Users\G M TECHNOSYS\.m2\repository\org\springframework\security\spring-security-crypto\6.5.5\spring-security-crypto-6.5.5.jar
Launcher Type: SUN_STANDARD

[Global flags]
     intx CICompilerCount                          = 4                                         {product} {ergonomic}
     uint ConcGCThreads                            = 3                                         {product} {ergonomic}
     uint G1ConcRefinementThreads                  = 10                                        {product} {ergonomic}
   size_t G1HeapRegionSize                         = 2097152                                   {product} {ergonomic}
    uintx GCDrainStackTargetSize                   = 64                                        {product} {ergonomic}
   size_t InitialHeapSize                          = 264241152                                 {product} {ergonomic}
   size_t MarkStackSize                            = 4194304                                   {product} {ergonomic}
   size_t MaxHeapSize                              = 4202692608                                {product} {ergonomic}
   size_t MaxNewSize                               = 2520776704                                {product} {ergonomic}
   size_t MinHeapDeltaBytes                        = 2097152                                   {product} {ergonomic}
   size_t MinHeapSize                              = 8388608                                   {product} {ergonomic}
    uintx NonNMethodCodeHeapSize                   = 5839372                                {pd product} {ergonomic}
    uintx NonProfiledCodeHeapSize                  = 122909434                              {pd product} {ergonomic}
    uintx ProfiledCodeHeapSize                     = 122909434                              {pd product} {ergonomic}
    uintx ReservedCodeCacheSize                    = 251658240                              {pd product} {ergonomic}
     bool SegmentedCodeCache                       = true                                      {product} {ergonomic}
   size_t SoftMaxHeapSize                          = 4202692608                             {manageable} {ergonomic}
     bool UseCompressedOops                        = true                           {product lp64_product} {ergonomic}
     bool UseG1GC                                  = true                                      {product} {ergonomic}
     bool UseLargePagesIndividualAllocation        = false                                  {pd product} {ergonomic}

Logging:
Log output configuration:
 #0: stdout all=warning uptime,level,tags foldmultilines=false
 #1: stderr all=off uptime,level,tags foldmultilines=false

Environment Variables:
JAVA_HOME=C:\Program Files\Java\jdk-21


PATH=C:\Python313\Scripts\;C:\Python313\;C:\Program Files\Common Files\Oracle\Java\javapath;C:\windows\system32;C:\windows;C:\windows\System32\Wbem;C:\windows\System32\WindowsPowerShell\v1.0\;C:\windows\System32\OpenSSH\;C:\Users\G M TECHNOSYS\AppData\Local\Microsoft\WindowsApps;C:\Users\G M TECHNOSYS\AppData\Local\Programs\Microsoft VS Code\bin;C:\Program Files\MySQL\MySQL Server 8.0\bin;C:\WINDOWS\system32;C:\WINDOWS;C:\WINDOWS\System32\Wbem;C:\WINDOWS\System32\WindowsPowerShell\v1.0\;C:\WINDOWS\System32\OpenSSH\;C:\Program Files\Java\jdk-21\bin;C:\Program Files\Git\cmd;C:\Program Files\nodejs\;C:\ProgramData\chocolatey\bin;C:\Program Files\Docker\Docker\resources\bin;C:\Program Files\Java\jdk-21

\bin;C:\Maven\apache-maven-3.9.10\bin;C:\Maven\apache-maven-3.9.10\bin;C:\Program Files\PuTTY\;C:\Program Files\MySQL\MySQL Shell 8.0\bin\;C:\Users\G M TECHNOSYS\AppData\Local\Microsoft\WindowsApps;C:\Program Files\Java\jdk-21\bin;C:\Program Files\Java\jdk-21

\bin;C:\Users\G M TECHNOSYS\AppData\Roaming\npm;C:\Program Files\JetBrains\IntelliJ IDEA Community Edition 2025.1.2\bin;;C:\Users\G M TECHNOSYS\AppData\Local\Programs\Microsoft VS Code\bin;C:\xampp\php;C:\Users\G M TECHNOSYS\composer;C:\Users\G M TECHNOSYS\AppData\Roaming\Composer\vendor\bin;C:\Users\G M TECHNOSYS\AppData\Local\Programs\Antigravity IDE\bin
USERNAME=G M TECHNOSYS
OS=Windows_NT
PROCESSOR_IDENTIFIER=Intel64 Family 6 Model 154 Stepping 4, GenuineIntel
TMP=C:\Users\GMTECH~1\AppData\Local\Temp
TEMP=C:\Users\GMTECH~1\AppData\Local\Temp




Periodic native trim disabled

---------------  S Y S T E M  ---------------

OS:
 Windows 11 , 64 bit Build 26100 (10.0.26100.4202)
OS uptime: 12 days 2:25 hours
Hyper-V role detected

CPU: total 12 (initial active 12) (6 cores per cpu, 2 threads per core) family 6 model 154 stepping 4 microcode 0x432, cx8, cmov, fxsr, ht, mmx, 3dnowpref, sse, sse2, sse3, ssse3, sse4.1, sse4.2, popcnt, lzcnt, tsc, tscinvbit, avx, avx2, aes, erms, clmul, bmi1, bmi2, adx, sha, fma, vzeroupper, clflush, clflushopt, clwb, hv, serialize, rdtscp, rdpid, fsrm, f16c, cet_ibt, cet_ss
Processor Information for processor 0
  Max Mhz: 1300, Current Mhz: 1300, Mhz Limit: 1300
Processor Information for processor 1
  Max Mhz: 1300, Current Mhz: 1300, Mhz Limit: 1300
Processor Information for processor 2
  Max Mhz: 1300, Current Mhz: 1300, Mhz Limit: 1300
Processor Information for processor 3
  Max Mhz: 1300, Current Mhz: 1300, Mhz Limit: 1300
Processor Information for processor 4
  Max Mhz: 1300, Current Mhz: 900, Mhz Limit: 897
Processor Information for processor 5
  Max Mhz: 1300, Current Mhz: 900, Mhz Limit: 897
Processor Information for processor 6
  Max Mhz: 1300, Current Mhz: 900, Mhz Limit: 897
Processor Information for processor 7
  Max Mhz: 1300, Current Mhz: 900, Mhz Limit: 897
Processor Information for processor 8
  Max Mhz: 1300, Current Mhz: 900, Mhz Limit: 897
Processor Information for processor 9
  Max Mhz: 1300, Current Mhz: 900, Mhz Limit: 897
Processor Information for processor 10
  Max Mhz: 1300, Current Mhz: 900, Mhz Limit: 897
Processor Information for processor 11
  Max Mhz: 1300, Current Mhz: 900, Mhz Limit: 897

Memory: 4k page, system-wide physical 16027M (525M free)
TotalPageFile size 35227M (AvailPageFile size 2M)
current process WorkingSet (physical memory assigned to process): 293M, peak: 604M
current process commit charge ("private bytes"): 589M, peak: 941M

vm_info: Java HotSpot(TM) 64-Bit Server VM (21.0.7+8-LTS-245) for windows-amd64 JRE (21.0.7+8-LTS-245), built on 2025-02-21T05:11:27Z by "mach5one" with MS VC++ 17.6 (VS2022)

END.
